[0.262s] DEBUG:colcon:Command line arguments: ['/usr/bin/colcon', 'build']
[0.262s] DEBUG:colcon:Parsed command line arguments: Namespace(log_base=None, log_level=None, verb_name='build', build_base='build', install_base='install', merge_install=False, symlink_install=False, test_result_base=None, continue_on_error=False, executor='parallel', parallel_workers=4, event_handlers=None, ignore_user_meta=False, metas=['./colcon.meta'], base_paths=['.'], packages_ignore=None, packages_ignore_regex=None, paths=None, packages_up_to=None, packages_up_to_regex=None, packages_above=None, packages_above_and_dependencies=None, packages_above_depth=None, packages_select_by_dep=None, packages_skip_by_dep=None, packages_skip_up_to=None, packages_select_build_failed=False, packages_skip_build_finished=False, packages_select_test_failures=False, packages_skip_test_passed=False, packages_select=None, packages_skip=None, packages_select_regex=None, packages_skip_regex=None, packages_start=None, packages_end=None, allow_overriding=[], cmake_args=None, cmake_target=None, cmake_target_skip_unavailable=False, cmake_clean_cache=False, cmake_clean_first=False, cmake_force_configure=False, ament_cmake_args=None, catkin_cmake_args=None, catkin_skip_building_tests=False, mixin_files=None, mixin=None, verb_parser=<colcon_mixin.mixin.mixin_argument.MixinArgumentDecorator object at 0x75120f688380>, verb_extension=<colcon_core.verb.build.BuildVerb object at 0x75120f66ffb0>, main=<bound method BuildVerb.main of <colcon_core.verb.build.BuildVerb object at 0x75120f66ffb0>>, mixin_verb=('build',))
[0.352s] Level 1:colcon.colcon_core.package_discovery:discover_packages(colcon_meta) check parameters
[0.353s] Level 1:colcon.colcon_core.package_discovery:discover_packages(recursive) check parameters
[0.353s] Level 1:colcon.colcon_core.package_discovery:discover_packages(ignore) check parameters
[0.353s] Level 1:colcon.colcon_core.package_discovery:discover_packages(path) check parameters
[0.353s] Level 1:colcon.colcon_core.package_discovery:discover_packages(colcon_meta) discover
[0.353s] Level 1:colcon.colcon_core.package_discovery:discover_packages(recursive) discover
[0.353s] INFO:colcon.colcon_core.package_discovery:Crawling recursively for packages in '/home/vboxuser/map_ws'
[0.353s] Level 1:colcon.colcon_core.package_identification:_identify(.) by extensions ['ignore', 'ignore_ament_install']
[0.354s] Level 1:colcon.colcon_core.package_identification:_identify(.) by extension 'ignore'
[0.354s] Level 1:colcon.colcon_core.package_identification:_identify(.) by extension 'ignore_ament_install'
[0.354s] Level 1:colcon.colcon_core.package_identification:_identify(.) by extensions ['colcon_pkg']
[0.354s] Level 1:colcon.colcon_core.package_identification:_identify(.) by extension 'colcon_pkg'
[0.354s] Level 1:colcon.colcon_core.package_identification:_identify(.) by extensions ['colcon_meta']
[0.354s] Level 1:colcon.colcon_core.package_identification:_identify(.) by extension 'colcon_meta'
[0.354s] Level 1:colcon.colcon_core.package_identification:_identify(.) by extensions ['ros']
[0.354s] Level 1:colcon.colcon_core.package_identification:_identify(.) by extension 'ros'
[0.398s] Level 1:colcon.colcon_core.package_identification:_identify(.) by extensions ['cmake', 'python']
[0.398s] Level 1:colcon.colcon_core.package_identification:_identify(.) by extension 'cmake'
[0.398s] Level 1:colcon.colcon_core.package_identification:_identify(.) by extension 'python'
[0.398s] Level 1:colcon.colcon_core.package_identification:_identify(.) by extensions ['python_setup_py']
[0.398s] Level 1:colcon.colcon_core.package_identification:_identify(.) by extension 'python_setup_py'
[0.398s] Level 1:colcon.colcon_core.package_identification:_identify(build) by extensions ['ignore', 'ignore_ament_install']
[0.398s] Level 1:colcon.colcon_core.package_identification:_identify(build) by extension 'ignore'
[0.399s] Level 1:colcon.colcon_core.package_identification:_identify(build) ignored
[0.400s] Level 1:colcon.colcon_core.package_identification:_identify(install) by extensions ['ignore', 'ignore_ament_install']
[0.401s] Level 1:colcon.colcon_core.package_identification:_identify(install) by extension 'ignore'
[0.401s] Level 1:colcon.colcon_core.package_identification:_identify(install) ignored
[0.401s] Level 1:colcon.colcon_core.package_identification:_identify(log) by extensions ['ignore', 'ignore_ament_install']
[0.402s] Level 1:colcon.colcon_core.package_identification:_identify(log) by extension 'ignore'
[0.402s] Level 1:colcon.colcon_core.package_identification:_identify(log) ignored
[0.402s] Level 1:colcon.colcon_core.package_identification:_identify(src) by extensions ['ignore', 'ignore_ament_install']
[0.402s] Level 1:colcon.colcon_core.package_identification:_identify(src) by extension 'ignore'
[0.402s] Level 1:colcon.colcon_core.package_identification:_identify(src) by extension 'ignore_ament_install'
[0.403s] Level 1:colcon.colcon_core.package_identification:_identify(src) by extensions ['colcon_pkg']
[0.403s] Level 1:colcon.colcon_core.package_identification:_identify(src) by extension 'colcon_pkg'
[0.403s] Level 1:colcon.colcon_core.package_identification:_identify(src) by extensions ['colcon_meta']
[0.403s] Level 1:colcon.colcon_core.package_identification:_identify(src) by extension 'colcon_meta'
[0.403s] Level 1:colcon.colcon_core.package_identification:_identify(src) by extensions ['ros']
[0.403s] Level 1:colcon.colcon_core.package_identification:_identify(src) by extension 'ros'
[0.404s] Level 1:colcon.colcon_core.package_identification:_identify(src) by extensions ['cmake', 'python']
[0.404s] Level 1:colcon.colcon_core.package_identification:_identify(src) by extension 'cmake'
[0.404s] Level 1:colcon.colcon_core.package_identification:_identify(src) by extension 'python'
[0.404s] Level 1:colcon.colcon_core.package_identification:_identify(src) by extensions ['python_setup_py']
[0.404s] Level 1:colcon.colcon_core.package_identification:_identify(src) by extension 'python_setup_py'
[0.404s] Level 1:colcon.colcon_core.package_identification:_identify(src/mein_erstes_paket) by extensions ['ignore', 'ignore_ament_install']
[0.404s] Level 1:colcon.colcon_core.package_identification:_identify(src/mein_erstes_paket) by extension 'ignore'
[0.404s] Level 1:colcon.colcon_core.package_identification:_identify(src/mein_erstes_paket) by extension 'ignore_ament_install'
[0.404s] Level 1:colcon.colcon_core.package_identification:_identify(src/mein_erstes_paket) by extensions ['colcon_pkg']
[0.404s] Level 1:colcon.colcon_core.package_identification:_identify(src/mein_erstes_paket) by extension 'colcon_pkg'
[0.405s] Level 1:colcon.colcon_core.package_identification:_identify(src/mein_erstes_paket) by extensions ['colcon_meta']
[0.405s] Level 1:colcon.colcon_core.package_identification:_identify(src/mein_erstes_paket) by extension 'colcon_meta'
[0.405s] Level 1:colcon.colcon_core.package_identification:_identify(src/mein_erstes_paket) by extensions ['ros']
[0.405s] Level 1:colcon.colcon_core.package_identification:_identify(src/mein_erstes_paket) by extension 'ros'
[0.410s] DEBUG:colcon.colcon_core.package_identification:Package 'src/mein_erstes_paket' with type 'ros.ament_python' and name 'mein_erstes_paket'
[0.410s] Level 1:colcon.colcon_core.package_identification:_identify(src/multi_robot_optimizer) by extensions ['ignore', 'ignore_ament_install']
[0.410s] Level 1:colcon.colcon_core.package_identification:_identify(src/multi_robot_optimizer) by extension 'ignore'
[0.411s] Level 1:colcon.colcon_core.package_identification:_identify(src/multi_robot_optimizer) by extension 'ignore_ament_install'
[0.411s] Level 1:colcon.colcon_core.package_identification:_identify(src/multi_robot_optimizer) by extensions ['colcon_pkg']
[0.411s] Level 1:colcon.colcon_core.package_identification:_identify(src/multi_robot_optimizer) by extension 'colcon_pkg'
[0.411s] Level 1:colcon.colcon_core.package_identification:_identify(src/multi_robot_optimizer) by extensions ['colcon_meta']
[0.411s] Level 1:colcon.colcon_core.package_identification:_identify(src/multi_robot_optimizer) by extension 'colcon_meta'
[0.411s] Level 1:colcon.colcon_core.package_identification:_identify(src/multi_robot_optimizer) by extensions ['ros']
[0.411s] Level 1:colcon.colcon_core.package_identification:_identify(src/multi_robot_optimizer) by extension 'ros'
[0.413s] DEBUG:colcon.colcon_core.package_identification:Package 'src/multi_robot_optimizer' with type 'ros.ament_python' and name 'multi_robot_optimizer'
[0.413s] Level 1:colcon.colcon_core.package_identification:_identify(src/multi_robot_sim) by extensions ['ignore', 'ignore_ament_install']
[0.413s] Level 1:colcon.colcon_core.package_identification:_identify(src/multi_robot_sim) by extension 'ignore'
[0.413s] Level 1:colcon.colcon_core.package_identification:_identify(src/multi_robot_sim) by extension 'ignore_ament_install'
[0.413s] Level 1:colcon.colcon_core.package_identification:_identify(src/multi_robot_sim) by extensions ['colcon_pkg']
[0.413s] Level 1:colcon.colcon_core.package_identification:_identify(src/multi_robot_sim) by extension 'colcon_pkg'
[0.414s] Level 1:colcon.colcon_core.package_identification:_identify(src/multi_robot_sim) by extensions ['colcon_meta']
[0.414s] Level 1:colcon.colcon_core.package_identification:_identify(src/multi_robot_sim) by extension 'colcon_meta'
[0.414s] Level 1:colcon.colcon_core.package_identification:_identify(src/multi_robot_sim) by extensions ['ros']
[0.414s] Level 1:colcon.colcon_core.package_identification:_identify(src/multi_robot_sim) by extension 'ros'
[0.416s] DEBUG:colcon.colcon_core.package_identification:Package 'src/multi_robot_sim' with type 'ros.ament_cmake' and name 'multi_robot_sim'
[0.416s] Level 1:colcon.colcon_core.package_discovery:discover_packages(recursive) using defaults
[0.416s] Level 1:colcon.colcon_core.package_discovery:discover_packages(ignore) discover
[0.416s] Level 1:colcon.colcon_core.package_discovery:discover_packages(ignore) using defaults
[0.416s] Level 1:colcon.colcon_core.package_discovery:discover_packages(path) discover
[0.416s] Level 1:colcon.colcon_core.package_discovery:discover_packages(path) using defaults
[0.453s] Level 1:colcon.colcon_core.package_discovery:discover_packages(prefix_path) check parameters
[0.453s] Level 1:colcon.colcon_core.package_discovery:discover_packages(prefix_path) discover
[0.455s] WARNING:colcon.colcon_ros.prefix_path.ament:The path '/home/vboxuser/map_ws/install/multi_robot_sim' in the environment variable AMENT_PREFIX_PATH doesn't exist
[0.456s] WARNING:colcon.colcon_ros.prefix_path.ament:The path '/home/vboxuser/map_ws/install/multi_robot_optimizer' in the environment variable AMENT_PREFIX_PATH doesn't exist
[0.456s] WARNING:colcon.colcon_ros.prefix_path.ament:The path '/home/vboxuser/map_ws/install/mein_erstes_paket' in the environment variable AMENT_PREFIX_PATH doesn't exist
[0.457s] WARNING:colcon.colcon_ros.prefix_path.catkin:The path '/home/vboxuser/map_ws/install/multi_robot_sim' in the environment variable CMAKE_PREFIX_PATH doesn't exist
[0.458s] DEBUG:colcon.colcon_installed_package_information.package_discovery:Found 0 installed packages in /home/vboxuser/map_ws/install
[0.459s] DEBUG:colcon.colcon_installed_package_information.package_discovery:Found 2 installed packages in /home/vboxuser/ros2_ws/install
[0.460s] DEBUG:colcon.colcon_installed_package_information.package_discovery:Found 318 installed packages in /opt/ros/jazzy
[0.461s] Level 1:colcon.colcon_core.package_discovery:discover_packages(prefix_path) using defaults
[0.567s] Level 5:colcon.colcon_core.verb:set package 'mein_erstes_paket' build argument 'cmake_args' from command line to 'None'
[0.567s] Level 5:colcon.colcon_core.verb:set package 'mein_erstes_paket' build argument 'cmake_target' from command line to 'None'
[0.567s] Level 5:colcon.colcon_core.verb:set package 'mein_erstes_paket' build argument 'cmake_target_skip_unavailable' from command line to 'False'
[0.567s] Level 5:colcon.colcon_core.verb:set package 'mein_erstes_paket' build argument 'cmake_clean_cache' from command line to 'False'
[0.568s] Level 5:colcon.colcon_core.verb:set package 'mein_erstes_paket' build argument 'cmake_clean_first' from command line to 'False'
[0.568s] Level 5:colcon.colcon_core.verb:set package 'mein_erstes_paket' build argument 'cmake_force_configure' from command line to 'False'
[0.568s] Level 5:colcon.colcon_core.verb:set package 'mein_erstes_paket' build argument 'ament_cmake_args' from command line to 'None'
[0.568s] Level 5:colcon.colcon_core.verb:set package 'mein_erstes_paket' build argument 'catkin_cmake_args' from command line to 'None'
[0.568s] Level 5:colcon.colcon_core.verb:set package 'mein_erstes_paket' build argument 'catkin_skip_building_tests' from command line to 'False'
[0.568s] DEBUG:colcon.colcon_core.verb:Building package 'mein_erstes_paket' with the following arguments: {'ament_cmake_args': None, 'build_base': '/home/vboxuser/map_ws/build/mein_erstes_paket', 'catkin_cmake_args': None, 'catkin_skip_building_tests': False, 'cmake_args': None, 'cmake_clean_cache': False, 'cmake_clean_first': False, 'cmake_force_configure': False, 'cmake_target': None, 'cmake_target_skip_unavailable': False, 'install_base': '/home/vboxuser/map_ws/install/mein_erstes_paket', 'merge_install': False, 'path': '/home/vboxuser/map_ws/src/mein_erstes_paket', 'symlink_install': False, 'test_result_base': None}
[0.569s] Level 5:colcon.colcon_core.verb:set package 'multi_robot_optimizer' build argument 'cmake_args' from command line to 'None'
[0.569s] Level 5:colcon.colcon_core.verb:set package 'multi_robot_optimizer' build argument 'cmake_target' from command line to 'None'
[0.569s] Level 5:colcon.colcon_core.verb:set package 'multi_robot_optimizer' build argument 'cmake_target_skip_unavailable' from command line to 'False'
[0.569s] Level 5:colcon.colcon_core.verb:set package 'multi_robot_optimizer' build argument 'cmake_clean_cache' from command line to 'False'
[0.569s] Level 5:colcon.colcon_core.verb:set package 'multi_robot_optimizer' build argument 'cmake_clean_first' from command line to 'False'
[0.569s] Level 5:colcon.colcon_core.verb:set package 'multi_robot_optimizer' build argument 'cmake_force_configure' from command line to 'False'
[0.569s] Level 5:colcon.colcon_core.verb:set package 'multi_robot_optimizer' build argument 'ament_cmake_args' from command line to 'None'
[0.569s] Level 5:colcon.colcon_core.verb:set package 'multi_robot_optimizer' build argument 'catkin_cmake_args' from command line to 'None'
[0.569s] Level 5:colcon.colcon_core.verb:set package 'multi_robot_optimizer' build argument 'catkin_skip_building_tests' from command line to 'False'
[0.569s] DEBUG:colcon.colcon_core.verb:Building package 'multi_robot_optimizer' with the following arguments: {'ament_cmake_args': None, 'build_base': '/home/vboxuser/map_ws/build/multi_robot_optimizer', 'catkin_cmake_args': None, 'catkin_skip_building_tests': False, 'cmake_args': None, 'cmake_clean_cache': False, 'cmake_clean_first': False, 'cmake_force_configure': False, 'cmake_target': None, 'cmake_target_skip_unavailable': False, 'install_base': '/home/vboxuser/map_ws/install/multi_robot_optimizer', 'merge_install': False, 'path': '/home/vboxuser/map_ws/src/multi_robot_optimizer', 'symlink_install': False, 'test_result_base': None}
[0.570s] Level 5:colcon.colcon_core.verb:set package 'multi_robot_sim' build argument 'cmake_args' from command line to 'None'
[0.570s] Level 5:colcon.colcon_core.verb:set package 'multi_robot_sim' build argument 'cmake_target' from command line to 'None'
[0.570s] Level 5:colcon.colcon_core.verb:set package 'multi_robot_sim' build argument 'cmake_target_skip_unavailable' from command line to 'False'
[0.570s] Level 5:colcon.colcon_core.verb:set package 'multi_robot_sim' build argument 'cmake_clean_cache' from command line to 'False'
[0.570s] Level 5:colcon.colcon_core.verb:set package 'multi_robot_sim' build argument 'cmake_clean_first' from command line to 'False'
[0.570s] Level 5:colcon.colcon_core.verb:set package 'multi_robot_sim' build argument 'cmake_force_configure' from command line to 'False'
[0.570s] Level 5:colcon.colcon_core.verb:set package 'multi_robot_sim' build argument 'ament_cmake_args' from command line to 'None'
[0.570s] Level 5:colcon.colcon_core.verb:set package 'multi_robot_sim' build argument 'catkin_cmake_args' from command line to 'None'
[0.570s] Level 5:colcon.colcon_core.verb:set package 'multi_robot_sim' build argument 'catkin_skip_building_tests' from command line to 'False'
[0.571s] DEBUG:colcon.colcon_core.verb:Building package 'multi_robot_sim' with the following arguments: {'ament_cmake_args': None, 'build_base': '/home/vboxuser/map_ws/build/multi_robot_sim', 'catkin_cmake_args': None, 'catkin_skip_building_tests': False, 'cmake_args': None, 'cmake_clean_cache': False, 'cmake_clean_first': False, 'cmake_force_configure': False, 'cmake_target': None, 'cmake_target_skip_unavailable': False, 'install_base': '/home/vboxuser/map_ws/install/multi_robot_sim', 'merge_install': False, 'path': '/home/vboxuser/map_ws/src/multi_robot_sim', 'symlink_install': False, 'test_result_base': None}
[0.571s] INFO:colcon.colcon_core.executor:Executing jobs using 'parallel' executor
[0.572s] DEBUG:colcon.colcon_parallel_executor.executor.parallel:run_until_complete
[0.572s] INFO:colcon.colcon_ros.task.ament_python.build:Building ROS package in '/home/vboxuser/map_ws/src/mein_erstes_paket' with build type 'ament_python'
[0.572s] Level 1:colcon.colcon_core.shell:create_environment_hook('mein_erstes_paket', 'ament_prefix_path')
[0.574s] INFO:colcon.colcon_core.plugin_system:Skipping extension 'colcon_core.shell.bat': Not used on non-Windows systems
[0.574s] INFO:colcon.colcon_core.shell:Creating environment hook '/home/vboxuser/map_ws/install/mein_erstes_paket/share/mein_erstes_paket/hook/ament_prefix_path.ps1'
[0.577s] INFO:colcon.colcon_core.shell:Creating environment descriptor '/home/vboxuser/map_ws/install/mein_erstes_paket/share/mein_erstes_paket/hook/ament_prefix_path.dsv'
[0.577s] INFO:colcon.colcon_core.shell:Creating environment hook '/home/vboxuser/map_ws/install/mein_erstes_paket/share/mein_erstes_paket/hook/ament_prefix_path.sh'
[0.578s] INFO:colcon.colcon_core.shell:Skip shell extension 'powershell' for command environment: Not usable outside of PowerShell
[0.578s] DEBUG:colcon.colcon_core.shell:Skip shell extension 'dsv' for command environment
[0.596s] INFO:colcon.colcon_ros.task.ament_python.build:Building ROS package in '/home/vboxuser/map_ws/src/multi_robot_optimizer' with build type 'ament_python'
[0.598s] Level 1:colcon.colcon_core.shell:create_environment_hook('multi_robot_optimizer', 'ament_prefix_path')
[0.599s] INFO:colcon.colcon_core.shell:Creating environment hook '/home/vboxuser/map_ws/install/multi_robot_optimizer/share/multi_robot_optimizer/hook/ament_prefix_path.ps1'
[0.599s] INFO:colcon.colcon_core.shell:Creating environment descriptor '/home/vboxuser/map_ws/install/multi_robot_optimizer/share/multi_robot_optimizer/hook/ament_prefix_path.dsv'
[0.600s] INFO:colcon.colcon_core.shell:Creating environment hook '/home/vboxuser/map_ws/install/multi_robot_optimizer/share/multi_robot_optimizer/hook/ament_prefix_path.sh'
[0.601s] INFO:colcon.colcon_core.shell:Skip shell extension 'powershell' for command environment: Not usable outside of PowerShell
[0.601s] DEBUG:colcon.colcon_core.shell:Skip shell extension 'dsv' for command environment
[0.615s] INFO:colcon.colcon_ros.task.ament_cmake.build:Building ROS package in '/home/vboxuser/map_ws/src/multi_robot_sim' with build type 'ament_cmake'
[0.618s] INFO:colcon.colcon_cmake.task.cmake.build:Building CMake package in '/home/vboxuser/map_ws/src/multi_robot_sim'
[0.619s] INFO:colcon.colcon_core.shell:Skip shell extension 'powershell' for command environment: Not usable outside of PowerShell
[0.619s] DEBUG:colcon.colcon_core.shell:Skip shell extension 'dsv' for command environment
[1.239s] INFO:colcon.colcon_core.task.python.build:Building Python package in '/home/vboxuser/map_ws/src/mein_erstes_paket'
[1.240s] INFO:colcon.colcon_core.shell:Skip shell extension 'powershell' for command environment: Not usable outside of PowerShell
[1.240s] DEBUG:colcon.colcon_core.shell:Skip shell extension 'dsv' for command environment
[1.879s] INFO:colcon.colcon_core.task.python.build:Building Python package in '/home/vboxuser/map_ws/src/multi_robot_optimizer'
[1.885s] INFO:colcon.colcon_core.shell:Skip shell extension 'powershell' for command environment: Not usable outside of PowerShell
[1.890s] DEBUG:colcon.colcon_core.shell:Skip shell extension 'dsv' for command environment
[1.913s] DEBUG:colcon.colcon_core.event_handler.log_command:Invoking command in '/home/vboxuser/map_ws/build/multi_robot_sim': CMAKE_PREFIX_PATH=${CMAKE_PREFIX_PATH}:/home/vboxuser/map_ws/install/multi_robot_optimizer:/home/vboxuser/map_ws/install/mein_erstes_paket:/home/vboxuser/ros2_ws/install/my_py_pkg:/opt/ros/jazzy DEBUGINFOD_URLS=https://debuginfod.ubuntu.com /usr/bin/cmake /home/vboxuser/map_ws/src/multi_robot_sim -DCMAKE_INSTALL_PREFIX=/home/vboxuser/map_ws/install/multi_robot_sim
[3.471s] DEBUG:colcon.colcon_core.event_handler.log_command:Invoking command in '/home/vboxuser/map_ws/src/multi_robot_optimizer': DEBUGINFOD_URLS=https://debuginfod.ubuntu.com PYTHONPATH=/home/vboxuser/map_ws/build/multi_robot_optimizer/prefix_override:/usr/lib/python3/dist-packages/colcon_core/task/python/colcon_distutils_commands:/home/vboxuser/map_ws/install/multi_robot_optimizer/lib/python3.12/site-packages:${PYTHONPATH} /usr/bin/python3 -W ignore:setup.py install is deprecated -W ignore:easy_install command is deprecated setup.py egg_info --egg-base ../../build/multi_robot_optimizer build --build-base /home/vboxuser/map_ws/build/multi_robot_optimizer/build install --record /home/vboxuser/map_ws/build/multi_robot_optimizer/install.log --single-version-externally-managed install_data
[3.789s] DEBUG:colcon.colcon_core.event_handler.log_command:Invoking command in '/home/vboxuser/map_ws/src/mein_erstes_paket': DEBUGINFOD_URLS=https://debuginfod.ubuntu.com PYTHONPATH=/home/vboxuser/map_ws/build/mein_erstes_paket/prefix_override:/usr/lib/python3/dist-packages/colcon_core/task/python/colcon_distutils_commands:/home/vboxuser/map_ws/install/mein_erstes_paket/lib/python3.12/site-packages:${PYTHONPATH} /usr/bin/python3 -W ignore:setup.py install is deprecated -W ignore:easy_install command is deprecated setup.py egg_info --egg-base ../../build/mein_erstes_paket build --build-base /home/vboxuser/map_ws/build/mein_erstes_paket/build install --record /home/vboxuser/map_ws/build/mein_erstes_paket/install.log --single-version-externally-managed install_data
[5.362s] Level 1:colcon.colcon_core.environment:checking '/home/vboxuser/map_ws/install/multi_robot_optimizer' for CMake module files
[5.363s] Level 1:colcon.colcon_core.environment:checking '/home/vboxuser/map_ws/install/multi_robot_optimizer' for CMake config files
[5.363s] Level 1:colcon.colcon_core.environment:checking '/home/vboxuser/map_ws/install/multi_robot_optimizer/lib'
[5.363s] Level 1:colcon.colcon_core.environment:checking '/home/vboxuser/map_ws/install/multi_robot_optimizer/bin'
[5.363s] Level 1:colcon.colcon_core.environment:checking '/home/vboxuser/map_ws/install/multi_robot_optimizer/lib/pkgconfig/multi_robot_optimizer.pc'
[5.364s] Level 1:colcon.colcon_core.environment:checking '/home/vboxuser/map_ws/install/multi_robot_optimizer/lib/python3.12/site-packages'
[5.364s] Level 1:colcon.colcon_core.shell:create_environment_hook('multi_robot_optimizer', 'pythonpath')
[5.364s] INFO:colcon.colcon_core.shell:Creating environment hook '/home/vboxuser/map_ws/install/multi_robot_optimizer/share/multi_robot_optimizer/hook/pythonpath.ps1'
[5.364s] INFO:colcon.colcon_core.shell:Creating environment descriptor '/home/vboxuser/map_ws/install/multi_robot_optimizer/share/multi_robot_optimizer/hook/pythonpath.dsv'
[5.364s] INFO:colcon.colcon_core.shell:Creating environment hook '/home/vboxuser/map_ws/install/multi_robot_optimizer/share/multi_robot_optimizer/hook/pythonpath.sh'
[5.365s] Level 1:colcon.colcon_core.environment:checking '/home/vboxuser/map_ws/install/multi_robot_optimizer/bin'
[5.365s] Level 1:colcon.colcon_core.environment:create_environment_scripts_only(multi_robot_optimizer)
[5.366s] INFO:colcon.colcon_core.shell:Creating package script '/home/vboxuser/map_ws/install/multi_robot_optimizer/share/multi_robot_optimizer/package.ps1'
[5.366s] INFO:colcon.colcon_core.shell:Creating package descriptor '/home/vboxuser/map_ws/install/multi_robot_optimizer/share/multi_robot_optimizer/package.dsv'
[5.367s] INFO:colcon.colcon_core.shell:Creating package script '/home/vboxuser/map_ws/install/multi_robot_optimizer/share/multi_robot_optimizer/package.sh'
[5.367s] INFO:colcon.colcon_core.shell:Creating package script '/home/vboxuser/map_ws/install/multi_robot_optimizer/share/multi_robot_optimizer/package.bash'
[5.368s] INFO:colcon.colcon_core.shell:Creating package script '/home/vboxuser/map_ws/install/multi_robot_optimizer/share/multi_robot_optimizer/package.zsh'
[5.368s] Level 1:colcon.colcon_core.environment:create_file_with_runtime_dependencies(/home/vboxuser/map_ws/install/multi_robot_optimizer/share/colcon-core/packages/multi_robot_optimizer)
[5.369s] DEBUG:colcon.colcon_core.event_handler.log_command:Invoked command in '/home/vboxuser/map_ws/src/multi_robot_optimizer' returned '0': DEBUGINFOD_URLS=https://debuginfod.ubuntu.com PYTHONPATH=/home/vboxuser/map_ws/build/multi_robot_optimizer/prefix_override:/usr/lib/python3/dist-packages/colcon_core/task/python/colcon_distutils_commands:/home/vboxuser/map_ws/install/multi_robot_optimizer/lib/python3.12/site-packages:${PYTHONPATH} /usr/bin/python3 -W ignore:setup.py install is deprecated -W ignore:easy_install command is deprecated setup.py egg_info --egg-base ../../build/multi_robot_optimizer build --build-base /home/vboxuser/map_ws/build/multi_robot_optimizer/build install --record /home/vboxuser/map_ws/build/multi_robot_optimizer/install.log --single-version-externally-managed install_data
[5.634s] Level 1:colcon.colcon_core.environment:checking '/home/vboxuser/map_ws/install/mein_erstes_paket' for CMake module files
[5.635s] DEBUG:colcon.colcon_core.event_handler.log_command:Invoked command in '/home/vboxuser/map_ws/src/mein_erstes_paket' returned '0': DEBUGINFOD_URLS=https://debuginfod.ubuntu.com PYTHONPATH=/home/vboxuser/map_ws/build/mein_erstes_paket/prefix_override:/usr/lib/python3/dist-packages/colcon_core/task/python/colcon_distutils_commands:/home/vboxuser/map_ws/install/mein_erstes_paket/lib/python3.12/site-packages:${PYTHONPATH} /usr/bin/python3 -W ignore:setup.py install is deprecated -W ignore:easy_install command is deprecated setup.py egg_info --egg-base ../../build/mein_erstes_paket build --build-base /home/vboxuser/map_ws/build/mein_erstes_paket/build install --record /home/vboxuser/map_ws/build/mein_erstes_paket/install.log --single-version-externally-managed install_data
[5.644s] Level 1:colcon.colcon_core.environment:checking '/home/vboxuser/map_ws/install/mein_erstes_paket' for CMake config files
[5.645s] Level 1:colcon.colcon_core.environment:checking '/home/vboxuser/map_ws/install/mein_erstes_paket/lib'
[5.645s] Level 1:colcon.colcon_core.environment:checking '/home/vboxuser/map_ws/install/mein_erstes_paket/bin'
[5.645s] Level 1:colcon.colcon_core.environment:checking '/home/vboxuser/map_ws/install/mein_erstes_paket/lib/pkgconfig/mein_erstes_paket.pc'
[5.645s] Level 1:colcon.colcon_core.environment:checking '/home/vboxuser/map_ws/install/mein_erstes_paket/lib/python3.12/site-packages'
[5.645s] Level 1:colcon.colcon_core.shell:create_environment_hook('mein_erstes_paket', 'pythonpath')
[5.645s] INFO:colcon.colcon_core.shell:Creating environment hook '/home/vboxuser/map_ws/install/mein_erstes_paket/share/mein_erstes_paket/hook/pythonpath.ps1'
[5.646s] INFO:colcon.colcon_core.shell:Creating environment descriptor '/home/vboxuser/map_ws/install/mein_erstes_paket/share/mein_erstes_paket/hook/pythonpath.dsv'
[5.646s] INFO:colcon.colcon_core.shell:Creating environment hook '/home/vboxuser/map_ws/install/mein_erstes_paket/share/mein_erstes_paket/hook/pythonpath.sh'
[5.647s] Level 1:colcon.colcon_core.environment:checking '/home/vboxuser/map_ws/install/mein_erstes_paket/bin'
[5.647s] Level 1:colcon.colcon_core.environment:create_environment_scripts_only(mein_erstes_paket)
[5.647s] INFO:colcon.colcon_core.shell:Creating package script '/home/vboxuser/map_ws/install/mein_erstes_paket/share/mein_erstes_paket/package.ps1'
[5.647s] INFO:colcon.colcon_core.shell:Creating package descriptor '/home/vboxuser/map_ws/install/mein_erstes_paket/share/mein_erstes_paket/package.dsv'
[5.648s] INFO:colcon.colcon_core.shell:Creating package script '/home/vboxuser/map_ws/install/mein_erstes_paket/share/mein_erstes_paket/package.sh'
[5.648s] INFO:colcon.colcon_core.shell:Creating package script '/home/vboxuser/map_ws/install/mein_erstes_paket/share/mein_erstes_paket/package.bash'
[5.648s] INFO:colcon.colcon_core.shell:Creating package script '/home/vboxuser/map_ws/install/mein_erstes_paket/share/mein_erstes_paket/package.zsh'
[5.649s] Level 1:colcon.colcon_core.environment:create_file_with_runtime_dependencies(/home/vboxuser/map_ws/install/mein_erstes_paket/share/colcon-core/packages/mein_erstes_paket)
[5.736s] DEBUG:colcon.colcon_core.event_handler.log_command:Invoked command in '/home/vboxuser/map_ws/build/multi_robot_sim' returned '0': CMAKE_PREFIX_PATH=${CMAKE_PREFIX_PATH}:/home/vboxuser/map_ws/install/multi_robot_optimizer:/home/vboxuser/map_ws/install/mein_erstes_paket:/home/vboxuser/ros2_ws/install/my_py_pkg:/opt/ros/jazzy DEBUGINFOD_URLS=https://debuginfod.ubuntu.com /usr/bin/cmake /home/vboxuser/map_ws/src/multi_robot_sim -DCMAKE_INSTALL_PREFIX=/home/vboxuser/map_ws/install/multi_robot_sim
[5.736s] DEBUG:colcon.colcon_core.event_handler.log_command:Invoking command in '/home/vboxuser/map_ws/build/multi_robot_sim': CMAKE_PREFIX_PATH=${CMAKE_PREFIX_PATH}:/home/vboxuser/map_ws/install/multi_robot_optimizer:/home/vboxuser/map_ws/install/mein_erstes_paket:/home/vboxuser/ros2_ws/install/my_py_pkg:/opt/ros/jazzy DEBUGINFOD_URLS=https://debuginfod.ubuntu.com /usr/bin/cmake --build /home/vboxuser/map_ws/build/multi_robot_sim -- -j4 -l4
[5.898s] DEBUG:colcon.colcon_core.event_handler.log_command:Invoked command in '/home/vboxuser/map_ws/build/multi_robot_sim' returned '0': CMAKE_PREFIX_PATH=${CMAKE_PREFIX_PATH}:/home/vboxuser/map_ws/install/multi_robot_optimizer:/home/vboxuser/map_ws/install/mein_erstes_paket:/home/vboxuser/ros2_ws/install/my_py_pkg:/opt/ros/jazzy DEBUGINFOD_URLS=https://debuginfod.ubuntu.com /usr/bin/cmake --build /home/vboxuser/map_ws/build/multi_robot_sim -- -j4 -l4
[5.949s] DEBUG:colcon.colcon_core.event_handler.log_command:Invoking command in '/home/vboxuser/map_ws/build/multi_robot_sim': CMAKE_PREFIX_PATH=${CMAKE_PREFIX_PATH}:/home/vboxuser/map_ws/install/multi_robot_optimizer:/home/vboxuser/map_ws/install/mein_erstes_paket:/home/vboxuser/ros2_ws/install/my_py_pkg:/opt/ros/jazzy DEBUGINFOD_URLS=https://debuginfod.ubuntu.com /usr/bin/cmake --install /home/vboxuser/map_ws/build/multi_robot_sim
[5.977s] Level 1:colcon.colcon_core.environment:create_environment_scripts_only(multi_robot_sim)
[5.981s] Level 1:colcon.colcon_core.environment:checking '/home/vboxuser/map_ws/install/multi_robot_sim' for CMake module files
[5.984s] Level 1:colcon.colcon_core.environment:checking '/home/vboxuser/map_ws/install/multi_robot_sim' for CMake config files
[5.985s] DEBUG:colcon.colcon_core.event_handler.log_command:Invoked command in '/home/vboxuser/map_ws/build/multi_robot_sim' returned '0': CMAKE_PREFIX_PATH=${CMAKE_PREFIX_PATH}:/home/vboxuser/map_ws/install/multi_robot_optimizer:/home/vboxuser/map_ws/install/mein_erstes_paket:/home/vboxuser/ros2_ws/install/my_py_pkg:/opt/ros/jazzy DEBUGINFOD_URLS=https://debuginfod.ubuntu.com /usr/bin/cmake --install /home/vboxuser/map_ws/build/multi_robot_sim
[5.993s] Level 1:colcon.colcon_core.shell:create_environment_hook('multi_robot_sim', 'cmake_prefix_path')
[5.994s] INFO:colcon.colcon_core.shell:Creating environment hook '/home/vboxuser/map_ws/install/multi_robot_sim/share/multi_robot_sim/hook/cmake_prefix_path.ps1'
[5.995s] INFO:colcon.colcon_core.shell:Creating environment descriptor '/home/vboxuser/map_ws/install/multi_robot_sim/share/multi_robot_sim/hook/cmake_prefix_path.dsv'
[5.995s] INFO:colcon.colcon_core.shell:Creating environment hook '/home/vboxuser/map_ws/install/multi_robot_sim/share/multi_robot_sim/hook/cmake_prefix_path.sh'
[5.995s] Level 1:colcon.colcon_core.environment:checking '/home/vboxuser/map_ws/install/multi_robot_sim/bin'
[5.995s] Level 1:colcon.colcon_core.environment:checking '/home/vboxuser/map_ws/install/multi_robot_sim/lib/pkgconfig/multi_robot_sim.pc'
[5.996s] Level 1:colcon.colcon_core.environment:checking '/home/vboxuser/map_ws/install/multi_robot_sim/lib/python3.12/site-packages'
[5.996s] Level 1:colcon.colcon_core.environment:checking '/home/vboxuser/map_ws/install/multi_robot_sim/bin'
[5.996s] INFO:colcon.colcon_core.shell:Creating package script '/home/vboxuser/map_ws/install/multi_robot_sim/share/multi_robot_sim/package.ps1'
[5.997s] INFO:colcon.colcon_core.shell:Creating package descriptor '/home/vboxuser/map_ws/install/multi_robot_sim/share/multi_robot_sim/package.dsv'
[5.997s] INFO:colcon.colcon_core.shell:Creating package script '/home/vboxuser/map_ws/install/multi_robot_sim/share/multi_robot_sim/package.sh'
[6.000s] INFO:colcon.colcon_core.shell:Creating package script '/home/vboxuser/map_ws/install/multi_robot_sim/share/multi_robot_sim/package.bash'
[6.000s] INFO:colcon.colcon_core.shell:Creating package script '/home/vboxuser/map_ws/install/multi_robot_sim/share/multi_robot_sim/package.zsh'
[6.000s] Level 1:colcon.colcon_core.environment:create_file_with_runtime_dependencies(/home/vboxuser/map_ws/install/multi_robot_sim/share/colcon-core/packages/multi_robot_sim)
[6.002s] Level 1:colcon.colcon_core.environment:create_environment_scripts_only(multi_robot_sim)
[6.003s] Level 1:colcon.colcon_core.environment:checking '/home/vboxuser/map_ws/install/multi_robot_sim' for CMake module files
[6.004s] Level 1:colcon.colcon_core.environment:checking '/home/vboxuser/map_ws/install/multi_robot_sim' for CMake config files
[6.005s] Level 1:colcon.colcon_core.shell:create_environment_hook('multi_robot_sim', 'cmake_prefix_path')
[6.005s] INFO:colcon.colcon_core.shell:Creating environment hook '/home/vboxuser/map_ws/install/multi_robot_sim/share/multi_robot_sim/hook/cmake_prefix_path.ps1'
[6.014s] INFO:colcon.colcon_core.shell:Creating environment descriptor '/home/vboxuser/map_ws/install/multi_robot_sim/share/multi_robot_sim/hook/cmake_prefix_path.dsv'
[6.019s] INFO:colcon.colcon_core.shell:Creating environment hook '/home/vboxuser/map_ws/install/multi_robot_sim/share/multi_robot_sim/hook/cmake_prefix_path.sh'
[6.021s] Level 1:colcon.colcon_core.environment:checking '/home/vboxuser/map_ws/install/multi_robot_sim/bin'
[6.021s] Level 1:colcon.colcon_core.environment:checking '/home/vboxuser/map_ws/install/multi_robot_sim/lib/pkgconfig/multi_robot_sim.pc'
[6.022s] Level 1:colcon.colcon_core.environment:checking '/home/vboxuser/map_ws/install/multi_robot_sim/lib/python3.12/site-packages'
[6.022s] Level 1:colcon.colcon_core.environment:checking '/home/vboxuser/map_ws/install/multi_robot_sim/bin'
[6.022s] INFO:colcon.colcon_core.shell:Creating package script '/home/vboxuser/map_ws/install/multi_robot_sim/share/multi_robot_sim/package.ps1'
[6.023s] INFO:colcon.colcon_core.shell:Creating package descriptor '/home/vboxuser/map_ws/install/multi_robot_sim/share/multi_robot_sim/package.dsv'
[6.024s] INFO:colcon.colcon_core.shell:Creating package script '/home/vboxuser/map_ws/install/multi_robot_sim/share/multi_robot_sim/package.sh'
[6.025s] INFO:colcon.colcon_core.shell:Creating package script '/home/vboxuser/map_ws/install/multi_robot_sim/share/multi_robot_sim/package.bash'
[6.026s] INFO:colcon.colcon_core.shell:Creating package script '/home/vboxuser/map_ws/install/multi_robot_sim/share/multi_robot_sim/package.zsh'
[6.028s] Level 1:colcon.colcon_core.environment:create_file_with_runtime_dependencies(/home/vboxuser/map_ws/install/multi_robot_sim/share/colcon-core/packages/multi_robot_sim)
[6.029s] DEBUG:colcon.colcon_parallel_executor.executor.parallel:closing loop
[6.030s] DEBUG:colcon.colcon_parallel_executor.executor.parallel:loop closed
[6.030s] DEBUG:colcon.colcon_parallel_executor.executor.parallel:run_until_complete finished with '0'
[6.030s] DEBUG:colcon.colcon_core.event_reactor:joining thread
[6.054s] INFO:colcon.colcon_core.plugin_system:Skipping extension 'colcon_notification.desktop_notification.terminal_notifier': Not used on non-Darwin systems
[6.054s] INFO:colcon.colcon_core.plugin_system:Skipping extension 'colcon_notification.desktop_notification.win32': Not used on non-Windows systems
[6.054s] INFO:colcon.colcon_notification.desktop_notification:Sending desktop notification using 'notify2'
[6.096s] DEBUG:colcon.colcon_core.event_reactor:joined thread
[6.100s] INFO:colcon.colcon_core.shell:Creating prefix script '/home/vboxuser/map_ws/install/local_setup.ps1'
[6.103s] INFO:colcon.colcon_core.shell:Creating prefix util module '/home/vboxuser/map_ws/install/_local_setup_util_ps1.py'
[6.104s] INFO:colcon.colcon_core.shell:Creating prefix chain script '/home/vboxuser/map_ws/install/setup.ps1'
[6.105s] INFO:colcon.colcon_core.shell:Creating prefix script '/home/vboxuser/map_ws/install/local_setup.sh'
[6.106s] INFO:colcon.colcon_core.shell:Creating prefix util module '/home/vboxuser/map_ws/install/_local_setup_util_sh.py'
[6.106s] INFO:colcon.colcon_core.shell:Creating prefix chain script '/home/vboxuser/map_ws/install/setup.sh'
[6.124s] INFO:colcon.colcon_core.shell:Creating prefix script '/home/vboxuser/map_ws/install/local_setup.bash'
[6.124s] INFO:colcon.colcon_core.shell:Creating prefix chain script '/home/vboxuser/map_ws/install/setup.bash'
[6.128s] INFO:colcon.colcon_core.shell:Creating prefix script '/home/vboxuser/map_ws/install/local_setup.zsh'
[6.129s] INFO:colcon.colcon_core.shell:Creating prefix chain script '/home/vboxuser/map_ws/install/setup.zsh'
