-- Install configuration: ""
-- Up-to-date: /home/vboxuser/map_ws/install/multi_robot_sim/share/multi_robot_sim/launch
-- Up-to-date: /home/vboxuser/map_ws/install/multi_robot_sim/share/multi_robot_sim/launch/sim.launch.py
-- Up-to-date: /home/vboxuser/map_ws/install/multi_robot_sim/share/multi_robot_sim/worlds
-- Up-to-date: /home/vboxuser/map_ws/install/multi_robot_sim/share/multi_robot_sim/worlds/room.sdf
-- Up-to-date: /home/vboxuser/map_ws/install/multi_robot_sim/share/multi_robot_sim/worlds/empty_room.world
-- Up-to-date: /home/vboxuser/map_ws/install/multi_robot_sim/share/multi_robot_sim/urdf
-- Up-to-date: /home/vboxuser/map_ws/install/multi_robot_sim/share/multi_robot_sim/urdf/mobile_robot.urdf.xacro
-- Up-to-date: /home/vboxuser/map_ws/install/multi_robot_sim/share/multi_robot_sim/rviz
-- Up-to-date: /home/vboxuser/map_ws/install/multi_robot_sim/share/ament_index/resource_index/package_run_dependencies/multi_robot_sim
-- Up-to-date: /home/vboxuser/map_ws/install/multi_robot_sim/share/ament_index/resource_index/parent_prefix_path/multi_robot_sim
-- Up-to-date: /home/vboxuser/map_ws/install/multi_robot_sim/share/multi_robot_sim/environment/ament_prefix_path.sh
-- Up-to-date: /home/vboxuser/map_ws/install/multi_robot_sim/share/multi_robot_sim/environment/ament_prefix_path.dsv
-- Up-to-date: /home/vboxuser/map_ws/install/multi_robot_sim/share/multi_robot_sim/environment/path.sh
-- Up-to-date: /home/vboxuser/map_ws/install/multi_robot_sim/share/multi_robot_sim/environment/path.dsv
-- Up-to-date: /home/vboxuser/map_ws/install/multi_robot_sim/share/multi_robot_sim/local_setup.bash
-- Up-to-date: /home/vboxuser/map_ws/install/multi_robot_sim/share/multi_robot_sim/local_setup.sh
-- Up-to-date: /home/vboxuser/map_ws/install/multi_robot_sim/share/multi_robot_sim/local_setup.zsh
-- Up-to-date: /home/vboxuser/map_ws/install/multi_robot_sim/share/multi_robot_sim/local_setup.dsv
-- Up-to-date: /home/vboxuser/map_ws/install/multi_robot_sim/share/multi_robot_sim/package.dsv
-- Up-to-date: /home/vboxuser/map_ws/install/multi_robot_sim/share/ament_index/resource_index/packages/multi_robot_sim
-- Up-to-date: /home/vboxuser/map_ws/install/multi_robot_sim/share/multi_robot_sim/cmake/multi_robot_simConfig.cmake
-- Up-to-date: /home/vboxuser/map_ws/install/multi_robot_sim/share/multi_robot_sim/cmake/multi_robot_simConfig-version.cmake
-- Up-to-date: /home/vboxuser/map_ws/install/multi_robot_sim/share/multi_robot_sim/package.xml
