[3.213s] Invoking command in '/home/vboxuser/map_ws/src/mein_erstes_paket': DEBUGINFOD_URLS=https://debuginfod.ubuntu.com PYTHONPATH=/home/vboxuser/map_ws/build/mein_erstes_paket/prefix_override:/usr/lib/python3/dist-packages/colcon_core/task/python/colcon_distutils_commands:/home/vboxuser/map_ws/install/mein_erstes_paket/lib/python3.12/site-packages:${PYTHONPATH} /usr/bin/python3 -W ignore:setup.py install is deprecated -W ignore:easy_install command is deprecated setup.py egg_info --egg-base ../../build/mein_erstes_paket build --build-base /home/vboxuser/map_ws/build/mein_erstes_paket/build install --record /home/vboxuser/map_ws/build/mein_erstes_paket/install.log --single-version-externally-managed install_data
[4.141s] running egg_info
[4.141s] creating ../../build/mein_erstes_paket/mein_erstes_paket.egg-info
[4.222s] writing ../../build/mein_erstes_paket/mein_erstes_paket.egg-info/PKG-INFO
[4.222s] writing dependency_links to ../../build/mein_erstes_paket/mein_erstes_paket.egg-info/dependency_links.txt
[4.223s] writing requirements to ../../build/mein_erstes_paket/mein_erstes_paket.egg-info/requires.txt
[4.223s] writing top-level names to ../../build/mein_erstes_paket/mein_erstes_paket.egg-info/top_level.txt
[4.223s] writing manifest file '../../build/mein_erstes_paket/mein_erstes_paket.egg-info/SOURCES.txt'
[4.334s] reading manifest file '../../build/mein_erstes_paket/mein_erstes_paket.egg-info/SOURCES.txt'
[4.335s] writing manifest file '../../build/mein_erstes_paket/mein_erstes_paket.egg-info/SOURCES.txt'
[4.342s] running build
[4.342s] running build_py
[4.350s] creating /home/vboxuser/map_ws/build/mein_erstes_paket/build
[4.351s] creating /home/vboxuser/map_ws/build/mein_erstes_paket/build/lib
[4.351s] creating /home/vboxuser/map_ws/build/mein_erstes_paket/build/lib/mein_erstes_paket
[4.351s] copying mein_erstes_paket/__init__.py -> /home/vboxuser/map_ws/build/mein_erstes_paket/build/lib/mein_erstes_paket
[4.351s] running install
[4.368s] running install_lib
[4.411s] creating /home/vboxuser/map_ws/install/mein_erstes_paket/lib/python3.12/site-packages/mein_erstes_paket
[4.411s] copying /home/vboxuser/map_ws/build/mein_erstes_paket/build/lib/mein_erstes_paket/__init__.py -> /home/vboxuser/map_ws/install/mein_erstes_paket/lib/python3.12/site-packages/mein_erstes_paket
[4.411s] byte-compiling /home/vboxuser/map_ws/install/mein_erstes_paket/lib/python3.12/site-packages/mein_erstes_paket/__init__.py to __init__.cpython-312.pyc
[4.411s] running install_data
[4.411s] creating /home/vboxuser/map_ws/install/mein_erstes_paket/share/ament_index
[4.411s] creating /home/vboxuser/map_ws/install/mein_erstes_paket/share/ament_index/resource_index
[4.411s] creating /home/vboxuser/map_ws/install/mein_erstes_paket/share/ament_index/resource_index/packages
[4.411s] copying resource/mein_erstes_paket -> /home/vboxuser/map_ws/install/mein_erstes_paket/share/ament_index/resource_index/packages
[4.411s] copying package.xml -> /home/vboxuser/map_ws/install/mein_erstes_paket/share/mein_erstes_paket
[4.411s] running install_egg_info
[4.473s] Copying ../../build/mein_erstes_paket/mein_erstes_paket.egg-info to /home/vboxuser/map_ws/install/mein_erstes_paket/lib/python3.12/site-packages/mein_erstes_paket-0.0.0-py3.12.egg-info
[4.478s] running install_scripts
[4.975s] writing list of installed files to '/home/vboxuser/map_ws/build/mein_erstes_paket/install.log'
[5.059s] Invoked command in '/home/vboxuser/map_ws/src/mein_erstes_paket' returned '0': DEBUGINFOD_URLS=https://debuginfod.ubuntu.com PYTHONPATH=/home/vboxuser/map_ws/build/mein_erstes_paket/prefix_override:/usr/lib/python3/dist-packages/colcon_core/task/python/colcon_distutils_commands:/home/vboxuser/map_ws/install/mein_erstes_paket/lib/python3.12/site-packages:${PYTHONPATH} /usr/bin/python3 -W ignore:setup.py install is deprecated -W ignore:easy_install command is deprecated setup.py egg_info --egg-base ../../build/mein_erstes_paket build --build-base /home/vboxuser/map_ws/build/mein_erstes_paket/build install --record /home/vboxuser/map_ws/build/mein_erstes_paket/install.log --single-version-externally-managed install_data
