[0.174s] DEBUG:colcon:Command line arguments: ['/usr/bin/colcon', 'build']
[0.175s] DEBUG:colcon:Parsed command line arguments: Namespace(log_base=None, log_level=None, verb_name='build', build_base='build', install_base='install', merge_install=False, symlink_install=False, test_result_base=None, continue_on_error=False, executor='parallel', parallel_workers=4, event_handlers=None, ignore_user_meta=False, metas=['./colcon.meta'], base_paths=['.'], packages_ignore=None, packages_ignore_regex=None, paths=None, packages_up_to=None, packages_up_to_regex=None, packages_above=None, packages_above_and_dependencies=None, packages_above_depth=None, packages_select_by_dep=None, packages_skip_by_dep=None, packages_skip_up_to=None, packages_select_build_failed=False, packages_skip_build_finished=False, packages_select_test_failures=False, packages_skip_test_passed=False, packages_select=None, packages_skip=None, packages_select_regex=None, packages_skip_regex=None, packages_start=None, packages_end=None, allow_overriding=[], cmake_args=None, cmake_target=None, cmake_target_skip_unavailable=False, cmake_clean_cache=False, cmake_clean_first=False, cmake_force_configure=False, ament_cmake_args=None, catkin_cmake_args=None, catkin_skip_building_tests=False, mixin_files=None, mixin=None, verb_parser=<colcon_mixin.mixin.mixin_argument.MixinArgumentDecorator object at 0x7e39fa088590>, verb_extension=<colcon_core.verb.build.BuildVerb object at 0x7e39fa088260>, main=<bound method BuildVerb.main of <colcon_core.verb.build.BuildVerb object at 0x7e39fa088260>>, mixin_verb=('build',))
[0.234s] Level 1:colcon.colcon_core.package_discovery:discover_packages(colcon_meta) check parameters
[0.234s] Level 1:colcon.colcon_core.package_discovery:discover_packages(recursive) check parameters
[0.235s] Level 1:colcon.colcon_core.package_discovery:discover_packages(ignore) check parameters
[0.235s] Level 1:colcon.colcon_core.package_discovery:discover_packages(path) check parameters
[0.235s] Level 1:colcon.colcon_core.package_discovery:discover_packages(colcon_meta) discover
[0.235s] Level 1:colcon.colcon_core.package_discovery:discover_packages(recursive) discover
[0.235s] INFO:colcon.colcon_core.package_discovery:Crawling recursively for packages in '/home/vboxuser/map_ws'
[0.236s] Level 1:colcon.colcon_core.package_identification:_identify(.) by extensions ['ignore', 'ignore_ament_install']
[0.236s] Level 1:colcon.colcon_core.package_identification:_identify(.) by extension 'ignore'
[0.236s] Level 1:colcon.colcon_core.package_identification:_identify(.) by extension 'ignore_ament_install'
[0.237s] Level 1:colcon.colcon_core.package_identification:_identify(.) by extensions ['colcon_pkg']
[0.237s] Level 1:colcon.colcon_core.package_identification:_identify(.) by extension 'colcon_pkg'
[0.237s] Level 1:colcon.colcon_core.package_identification:_identify(.) by extensions ['colcon_meta']
[0.237s] Level 1:colcon.colcon_core.package_identification:_identify(.) by extension 'colcon_meta'
[0.237s] Level 1:colcon.colcon_core.package_identification:_identify(.) by extensions ['ros']
[0.237s] Level 1:colcon.colcon_core.package_identification:_identify(.) by extension 'ros'
[0.274s] Level 1:colcon.colcon_core.package_identification:_identify(.) by extensions ['cmake', 'python']
[0.274s] Level 1:colcon.colcon_core.package_identification:_identify(.) by extension 'cmake'
[0.274s] Level 1:colcon.colcon_core.package_identification:_identify(.) by extension 'python'
[0.274s] Level 1:colcon.colcon_core.package_identification:_identify(.) by extensions ['python_setup_py']
[0.274s] Level 1:colcon.colcon_core.package_identification:_identify(.) by extension 'python_setup_py'
[0.274s] Level 1:colcon.colcon_core.package_identification:_identify(build) by extensions ['ignore', 'ignore_ament_install']
[0.275s] Level 1:colcon.colcon_core.package_identification:_identify(build) by extension 'ignore'
[0.275s] Level 1:colcon.colcon_core.package_identification:_identify(build) ignored
[0.275s] Level 1:colcon.colcon_core.package_identification:_identify(install) by extensions ['ignore', 'ignore_ament_install']
[0.275s] Level 1:colcon.colcon_core.package_identification:_identify(install) by extension 'ignore'
[0.275s] Level 1:colcon.colcon_core.package_identification:_identify(install) ignored
[0.275s] Level 1:colcon.colcon_core.package_identification:_identify(log) by extensions ['ignore', 'ignore_ament_install']
[0.276s] Level 1:colcon.colcon_core.package_identification:_identify(log) by extension 'ignore'
[0.276s] Level 1:colcon.colcon_core.package_identification:_identify(log) ignored
[0.276s] Level 1:colcon.colcon_core.package_identification:_identify(src) by extensions ['ignore', 'ignore_ament_install']
[0.276s] Level 1:colcon.colcon_core.package_identification:_identify(src) by extension 'ignore'
[0.276s] Level 1:colcon.colcon_core.package_identification:_identify(src) by extension 'ignore_ament_install'
[0.276s] Level 1:colcon.colcon_core.package_identification:_identify(src) by extensions ['colcon_pkg']
[0.277s] Level 1:colcon.colcon_core.package_identification:_identify(src) by extension 'colcon_pkg'
[0.277s] Level 1:colcon.colcon_core.package_identification:_identify(src) by extensions ['colcon_meta']
[0.277s] Level 1:colcon.colcon_core.package_identification:_identify(src) by extension 'colcon_meta'
[0.277s] Level 1:colcon.colcon_core.package_identification:_identify(src) by extensions ['ros']
[0.277s] Level 1:colcon.colcon_core.package_identification:_identify(src) by extension 'ros'
[0.277s] Level 1:colcon.colcon_core.package_identification:_identify(src) by extensions ['cmake', 'python']
[0.277s] Level 1:colcon.colcon_core.package_identification:_identify(src) by extension 'cmake'
[0.277s] Level 1:colcon.colcon_core.package_identification:_identify(src) by extension 'python'
[0.277s] Level 1:colcon.colcon_core.package_identification:_identify(src) by extensions ['python_setup_py']
[0.277s] Level 1:colcon.colcon_core.package_identification:_identify(src) by extension 'python_setup_py'
[0.278s] Level 1:colcon.colcon_core.package_identification:_identify(src/mein_erstes_paket) by extensions ['ignore', 'ignore_ament_install']
[0.278s] Level 1:colcon.colcon_core.package_identification:_identify(src/mein_erstes_paket) by extension 'ignore'
[0.278s] Level 1:colcon.colcon_core.package_identification:_identify(src/mein_erstes_paket) by extension 'ignore_ament_install'
[0.278s] Level 1:colcon.colcon_core.package_identification:_identify(src/mein_erstes_paket) by extensions ['colcon_pkg']
[0.278s] Level 1:colcon.colcon_core.package_identification:_identify(src/mein_erstes_paket) by extension 'colcon_pkg'
[0.278s] Level 1:colcon.colcon_core.package_identification:_identify(src/mein_erstes_paket) by extensions ['colcon_meta']
[0.278s] Level 1:colcon.colcon_core.package_identification:_identify(src/mein_erstes_paket) by extension 'colcon_meta'
[0.279s] Level 1:colcon.colcon_core.package_identification:_identify(src/mein_erstes_paket) by extensions ['ros']
[0.279s] Level 1:colcon.colcon_core.package_identification:_identify(src/mein_erstes_paket) by extension 'ros'
[0.282s] DEBUG:colcon.colcon_core.package_identification:Package 'src/mein_erstes_paket' with type 'ros.ament_python' and name 'mein_erstes_paket'
[0.282s] Level 1:colcon.colcon_core.package_identification:_identify(src/multi_robot_optimizer) by extensions ['ignore', 'ignore_ament_install']
[0.282s] Level 1:colcon.colcon_core.package_identification:_identify(src/multi_robot_optimizer) by extension 'ignore'
[0.283s] Level 1:colcon.colcon_core.package_identification:_identify(src/multi_robot_optimizer) by extension 'ignore_ament_install'
[0.283s] Level 1:colcon.colcon_core.package_identification:_identify(src/multi_robot_optimizer) by extensions ['colcon_pkg']
[0.283s] Level 1:colcon.colcon_core.package_identification:_identify(src/multi_robot_optimizer) by extension 'colcon_pkg'
[0.283s] Level 1:colcon.colcon_core.package_identification:_identify(src/multi_robot_optimizer) by extensions ['colcon_meta']
[0.283s] Level 1:colcon.colcon_core.package_identification:_identify(src/multi_robot_optimizer) by extension 'colcon_meta'
[0.283s] Level 1:colcon.colcon_core.package_identification:_identify(src/multi_robot_optimizer) by extensions ['ros']
[0.283s] Level 1:colcon.colcon_core.package_identification:_identify(src/multi_robot_optimizer) by extension 'ros'
[0.284s] DEBUG:colcon.colcon_core.package_identification:Package 'src/multi_robot_optimizer' with type 'ros.ament_python' and name 'multi_robot_optimizer'
[0.284s] Level 1:colcon.colcon_core.package_identification:_identify(src/multi_robot_sim) by extensions ['ignore', 'ignore_ament_install']
[0.284s] Level 1:colcon.colcon_core.package_identification:_identify(src/multi_robot_sim) by extension 'ignore'
[0.284s] Level 1:colcon.colcon_core.package_identification:_identify(src/multi_robot_sim) by extension 'ignore_ament_install'
[0.284s] Level 1:colcon.colcon_core.package_identification:_identify(src/multi_robot_sim) by extensions ['colcon_pkg']
[0.284s] Level 1:colcon.colcon_core.package_identification:_identify(src/multi_robot_sim) by extension 'colcon_pkg'
[0.284s] Level 1:colcon.colcon_core.package_identification:_identify(src/multi_robot_sim) by extensions ['colcon_meta']
[0.284s] Level 1:colcon.colcon_core.package_identification:_identify(src/multi_robot_sim) by extension 'colcon_meta'
[0.284s] Level 1:colcon.colcon_core.package_identification:_identify(src/multi_robot_sim) by extensions ['ros']
[0.284s] Level 1:colcon.colcon_core.package_identification:_identify(src/multi_robot_sim) by extension 'ros'
[0.285s] DEBUG:colcon.colcon_core.package_identification:Package 'src/multi_robot_sim' with type 'ros.ament_cmake' and name 'multi_robot_sim'
[0.285s] Level 1:colcon.colcon_core.package_discovery:discover_packages(recursive) using defaults
[0.285s] Level 1:colcon.colcon_core.package_discovery:discover_packages(ignore) discover
[0.286s] Level 1:colcon.colcon_core.package_discovery:discover_packages(ignore) using defaults
[0.286s] Level 1:colcon.colcon_core.package_discovery:discover_packages(path) discover
[0.286s] Level 1:colcon.colcon_core.package_discovery:discover_packages(path) using defaults
[0.316s] Level 1:colcon.colcon_core.package_discovery:discover_packages(prefix_path) check parameters
[0.316s] Level 1:colcon.colcon_core.package_discovery:discover_packages(prefix_path) discover
[0.318s] DEBUG:colcon.colcon_installed_package_information.package_discovery:Found 3 installed packages in /home/vboxuser/map_ws/install
[0.319s] DEBUG:colcon.colcon_installed_package_information.package_discovery:Found 2 installed packages in /home/vboxuser/ros2_ws/install
[0.321s] DEBUG:colcon.colcon_installed_package_information.package_discovery:Found 318 installed packages in /opt/ros/jazzy
[0.322s] Level 1:colcon.colcon_core.package_discovery:discover_packages(prefix_path) using defaults
[0.391s] Level 5:colcon.colcon_core.verb:set package 'mein_erstes_paket' build argument 'cmake_args' from command line to 'None'
[0.391s] Level 5:colcon.colcon_core.verb:set package 'mein_erstes_paket' build argument 'cmake_target' from command line to 'None'
[0.391s] Level 5:colcon.colcon_core.verb:set package 'mein_erstes_paket' build argument 'cmake_target_skip_unavailable' from command line to 'False'
[0.391s] Level 5:colcon.colcon_core.verb:set package 'mein_erstes_paket' build argument 'cmake_clean_cache' from command line to 'False'
[0.392s] Level 5:colcon.colcon_core.verb:set package 'mein_erstes_paket' build argument 'cmake_clean_first' from command line to 'False'
[0.392s] Level 5:colcon.colcon_core.verb:set package 'mein_erstes_paket' build argument 'cmake_force_configure' from command line to 'False'
[0.392s] Level 5:colcon.colcon_core.verb:set package 'mein_erstes_paket' build argument 'ament_cmake_args' from command line to 'None'
[0.392s] Level 5:colcon.colcon_core.verb:set package 'mein_erstes_paket' build argument 'catkin_cmake_args' from command line to 'None'
[0.392s] Level 5:colcon.colcon_core.verb:set package 'mein_erstes_paket' build argument 'catkin_skip_building_tests' from command line to 'False'
[0.392s] DEBUG:colcon.colcon_core.verb:Building package 'mein_erstes_paket' with the following arguments: {'ament_cmake_args': None, 'build_base': '/home/vboxuser/map_ws/build/mein_erstes_paket', 'catkin_cmake_args': None, 'catkin_skip_building_tests': False, 'cmake_args': None, 'cmake_clean_cache': False, 'cmake_clean_first': False, 'cmake_force_configure': False, 'cmake_target': None, 'cmake_target_skip_unavailable': False, 'install_base': '/home/vboxuser/map_ws/install/mein_erstes_paket', 'merge_install': False, 'path': '/home/vboxuser/map_ws/src/mein_erstes_paket', 'symlink_install': False, 'test_result_base': None}
[0.392s] Level 5:colcon.colcon_core.verb:set package 'multi_robot_optimizer' build argument 'cmake_args' from command line to 'None'
[0.393s] Level 5:colcon.colcon_core.verb:set package 'multi_robot_optimizer' build argument 'cmake_target' from command line to 'None'
[0.393s] Level 5:colcon.colcon_core.verb:set package 'multi_robot_optimizer' build argument 'cmake_target_skip_unavailable' from command line to 'False'
[0.393s] Level 5:colcon.colcon_core.verb:set package 'multi_robot_optimizer' build argument 'cmake_clean_cache' from command line to 'False'
[0.393s] Level 5:colcon.colcon_core.verb:set package 'multi_robot_optimizer' build argument 'cmake_clean_first' from command line to 'False'
[0.393s] Level 5:colcon.colcon_core.verb:set package 'multi_robot_optimizer' build argument 'cmake_force_configure' from command line to 'False'
[0.393s] Level 5:colcon.colcon_core.verb:set package 'multi_robot_optimizer' build argument 'ament_cmake_args' from command line to 'None'
[0.393s] Level 5:colcon.colcon_core.verb:set package 'multi_robot_optimizer' build argument 'catkin_cmake_args' from command line to 'None'
[0.393s] Level 5:colcon.colcon_core.verb:set package 'multi_robot_optimizer' build argument 'catkin_skip_building_tests' from command line to 'False'
[0.394s] DEBUG:colcon.colcon_core.verb:Building package 'multi_robot_optimizer' with the following arguments: {'ament_cmake_args': None, 'build_base': '/home/vboxuser/map_ws/build/multi_robot_optimizer', 'catkin_cmake_args': None, 'catkin_skip_building_tests': False, 'cmake_args': None, 'cmake_clean_cache': False, 'cmake_clean_first': False, 'cmake_force_configure': False, 'cmake_target': None, 'cmake_target_skip_unavailable': False, 'install_base': '/home/vboxuser/map_ws/install/multi_robot_optimizer', 'merge_install': False, 'path': '/home/vboxuser/map_ws/src/multi_robot_optimizer', 'symlink_install': False, 'test_result_base': None}
[0.394s] Level 5:colcon.colcon_core.verb:set package 'multi_robot_sim' build argument 'cmake_args' from command line to 'None'
[0.394s] Level 5:colcon.colcon_core.verb:set package 'multi_robot_sim' build argument 'cmake_target' from command line to 'None'
[0.394s] Level 5:colcon.colcon_core.verb:set package 'multi_robot_sim' build argument 'cmake_target_skip_unavailable' from command line to 'False'
[0.394s] Level 5:colcon.colcon_core.verb:set package 'multi_robot_sim' build argument 'cmake_clean_cache' from command line to 'False'
[0.394s] Level 5:colcon.colcon_core.verb:set package 'multi_robot_sim' build argument 'cmake_clean_first' from command line to 'False'
[0.394s] Level 5:colcon.colcon_core.verb:set package 'multi_robot_sim' build argument 'cmake_force_configure' from command line to 'False'
[0.394s] Level 5:colcon.colcon_core.verb:set package 'multi_robot_sim' build argument 'ament_cmake_args' from command line to 'None'
[0.394s] Level 5:colcon.colcon_core.verb:set package 'multi_robot_sim' build argument 'catkin_cmake_args' from command line to 'None'
[0.394s] Level 5:colcon.colcon_core.verb:set package 'multi_robot_sim' build argument 'catkin_skip_building_tests' from command line to 'False'
[0.395s] DEBUG:colcon.colcon_core.verb:Building package 'multi_robot_sim' with the following arguments: {'ament_cmake_args': None, 'build_base': '/home/vboxuser/map_ws/build/multi_robot_sim', 'catkin_cmake_args': None, 'catkin_skip_building_tests': False, 'cmake_args': None, 'cmake_clean_cache': False, 'cmake_clean_first': False, 'cmake_force_configure': False, 'cmake_target': None, 'cmake_target_skip_unavailable': False, 'install_base': '/home/vboxuser/map_ws/install/multi_robot_sim', 'merge_install': False, 'path': '/home/vboxuser/map_ws/src/multi_robot_sim', 'symlink_install': False, 'test_result_base': None}
[0.395s] INFO:colcon.colcon_core.executor:Executing jobs using 'parallel' executor
[0.396s] DEBUG:colcon.colcon_parallel_executor.executor.parallel:run_until_complete
[0.397s] INFO:colcon.colcon_ros.task.ament_python.build:Building ROS package in '/home/vboxuser/map_ws/src/mein_erstes_paket' with build type 'ament_python'
[0.397s] Level 1:colcon.colcon_core.shell:create_environment_hook('mein_erstes_paket', 'ament_prefix_path')
[0.400s] INFO:colcon.colcon_core.plugin_system:Skipping extension 'colcon_core.shell.bat': Not used on non-Windows systems
[0.400s] INFO:colcon.colcon_core.shell:Creating environment hook '/home/vboxuser/map_ws/install/mein_erstes_paket/share/mein_erstes_paket/hook/ament_prefix_path.ps1'
[0.401s] INFO:colcon.colcon_core.shell:Creating environment descriptor '/home/vboxuser/map_ws/install/mein_erstes_paket/share/mein_erstes_paket/hook/ament_prefix_path.dsv'
[0.403s] INFO:colcon.colcon_core.shell:Creating environment hook '/home/vboxuser/map_ws/install/mein_erstes_paket/share/mein_erstes_paket/hook/ament_prefix_path.sh'
[0.405s] INFO:colcon.colcon_core.shell:Skip shell extension 'powershell' for command environment: Not usable outside of PowerShell
[0.405s] DEBUG:colcon.colcon_core.shell:Skip shell extension 'dsv' for command environment
[0.415s] INFO:colcon.colcon_ros.task.ament_python.build:Building ROS package in '/home/vboxuser/map_ws/src/multi_robot_optimizer' with build type 'ament_python'
[0.416s] Level 1:colcon.colcon_core.shell:create_environment_hook('multi_robot_optimizer', 'ament_prefix_path')
[0.416s] INFO:colcon.colcon_core.shell:Creating environment hook '/home/vboxuser/map_ws/install/multi_robot_optimizer/share/multi_robot_optimizer/hook/ament_prefix_path.ps1'
[0.416s] INFO:colcon.colcon_core.shell:Creating environment descriptor '/home/vboxuser/map_ws/install/multi_robot_optimizer/share/multi_robot_optimizer/hook/ament_prefix_path.dsv'
[0.419s] INFO:colcon.colcon_core.shell:Creating environment hook '/home/vboxuser/map_ws/install/multi_robot_optimizer/share/multi_robot_optimizer/hook/ament_prefix_path.sh'
[0.420s] INFO:colcon.colcon_core.shell:Skip shell extension 'powershell' for command environment: Not usable outside of PowerShell
[0.420s] DEBUG:colcon.colcon_core.shell:Skip shell extension 'dsv' for command environment
[0.433s] INFO:colcon.colcon_ros.task.ament_cmake.build:Building ROS package in '/home/vboxuser/map_ws/src/multi_robot_sim' with build type 'ament_cmake'
[0.433s] INFO:colcon.colcon_cmake.task.cmake.build:Building CMake package in '/home/vboxuser/map_ws/src/multi_robot_sim'
[0.433s] INFO:colcon.colcon_core.shell:Skip shell extension 'powershell' for command environment: Not usable outside of PowerShell
[0.433s] DEBUG:colcon.colcon_core.shell:Skip shell extension 'dsv' for command environment
[0.812s] INFO:colcon.colcon_core.task.python.build:Building Python package in '/home/vboxuser/map_ws/src/multi_robot_optimizer'
[0.812s] INFO:colcon.colcon_core.shell:Skip shell extension 'powershell' for command environment: Not usable outside of PowerShell
[0.812s] DEBUG:colcon.colcon_core.shell:Skip shell extension 'dsv' for command environment
[1.353s] INFO:colcon.colcon_core.task.python.build:Building Python package in '/home/vboxuser/map_ws/src/mein_erstes_paket'
[1.354s] INFO:colcon.colcon_core.shell:Skip shell extension 'powershell' for command environment: Not usable outside of PowerShell
[1.359s] DEBUG:colcon.colcon_core.shell:Skip shell extension 'dsv' for command environment
[1.385s] DEBUG:colcon.colcon_core.event_handler.log_command:Invoking command in '/home/vboxuser/map_ws/build/multi_robot_sim': CMAKE_PREFIX_PATH=${CMAKE_PREFIX_PATH}:/home/vboxuser/map_ws/install/multi_robot_optimizer:/home/vboxuser/map_ws/install/mein_erstes_paket:/home/vboxuser/ros2_ws/install/my_py_pkg:/opt/ros/jazzy DEBUGINFOD_URLS=https://debuginfod.ubuntu.com /usr/bin/cmake --build /home/vboxuser/map_ws/build/multi_robot_sim -- -j4 -l4
[1.544s] DEBUG:colcon.colcon_core.event_handler.log_command:Invoked command in '/home/vboxuser/map_ws/build/multi_robot_sim' returned '0': CMAKE_PREFIX_PATH=${CMAKE_PREFIX_PATH}:/home/vboxuser/map_ws/install/multi_robot_optimizer:/home/vboxuser/map_ws/install/mein_erstes_paket:/home/vboxuser/ros2_ws/install/my_py_pkg:/opt/ros/jazzy DEBUGINFOD_URLS=https://debuginfod.ubuntu.com /usr/bin/cmake --build /home/vboxuser/map_ws/build/multi_robot_sim -- -j4 -l4
[1.548s] DEBUG:colcon.colcon_core.event_handler.log_command:Invoking command in '/home/vboxuser/map_ws/build/multi_robot_sim': CMAKE_PREFIX_PATH=${CMAKE_PREFIX_PATH}:/home/vboxuser/map_ws/install/multi_robot_optimizer:/home/vboxuser/map_ws/install/mein_erstes_paket:/home/vboxuser/ros2_ws/install/my_py_pkg:/opt/ros/jazzy DEBUGINFOD_URLS=https://debuginfod.ubuntu.com /usr/bin/cmake --install /home/vboxuser/map_ws/build/multi_robot_sim
[1.568s] Level 1:colcon.colcon_core.environment:create_environment_scripts_only(multi_robot_sim)
[1.571s] Level 1:colcon.colcon_core.environment:checking '/home/vboxuser/map_ws/install/multi_robot_sim' for CMake module files
[1.571s] Level 1:colcon.colcon_core.environment:checking '/home/vboxuser/map_ws/install/multi_robot_sim' for CMake config files
[1.571s] Level 1:colcon.colcon_core.shell:create_environment_hook('multi_robot_sim', 'cmake_prefix_path')
[1.572s] INFO:colcon.colcon_core.shell:Creating environment hook '/home/vboxuser/map_ws/install/multi_robot_sim/share/multi_robot_sim/hook/cmake_prefix_path.ps1'
[1.576s] INFO:colcon.colcon_core.shell:Creating environment descriptor '/home/vboxuser/map_ws/install/multi_robot_sim/share/multi_robot_sim/hook/cmake_prefix_path.dsv'
[1.576s] DEBUG:colcon.colcon_core.event_handler.log_command:Invoked command in '/home/vboxuser/map_ws/build/multi_robot_sim' returned '0': CMAKE_PREFIX_PATH=${CMAKE_PREFIX_PATH}:/home/vboxuser/map_ws/install/multi_robot_optimizer:/home/vboxuser/map_ws/install/mein_erstes_paket:/home/vboxuser/ros2_ws/install/my_py_pkg:/opt/ros/jazzy DEBUGINFOD_URLS=https://debuginfod.ubuntu.com /usr/bin/cmake --install /home/vboxuser/map_ws/build/multi_robot_sim
[1.577s] INFO:colcon.colcon_core.shell:Creating environment hook '/home/vboxuser/map_ws/install/multi_robot_sim/share/multi_robot_sim/hook/cmake_prefix_path.sh'
[1.578s] Level 1:colcon.colcon_core.environment:checking '/home/vboxuser/map_ws/install/multi_robot_sim/bin'
[1.579s] Level 1:colcon.colcon_core.environment:checking '/home/vboxuser/map_ws/install/multi_robot_sim/lib/pkgconfig/multi_robot_sim.pc'
[1.579s] Level 1:colcon.colcon_core.environment:checking '/home/vboxuser/map_ws/install/multi_robot_sim/lib/python3.12/site-packages'
[1.580s] Level 1:colcon.colcon_core.environment:checking '/home/vboxuser/map_ws/install/multi_robot_sim/bin'
[1.580s] INFO:colcon.colcon_core.shell:Creating package script '/home/vboxuser/map_ws/install/multi_robot_sim/share/multi_robot_sim/package.ps1'
[1.582s] INFO:colcon.colcon_core.shell:Creating package descriptor '/home/vboxuser/map_ws/install/multi_robot_sim/share/multi_robot_sim/package.dsv'
[1.583s] INFO:colcon.colcon_core.shell:Creating package script '/home/vboxuser/map_ws/install/multi_robot_sim/share/multi_robot_sim/package.sh'
[1.584s] INFO:colcon.colcon_core.shell:Creating package script '/home/vboxuser/map_ws/install/multi_robot_sim/share/multi_robot_sim/package.bash'
[1.586s] INFO:colcon.colcon_core.shell:Creating package script '/home/vboxuser/map_ws/install/multi_robot_sim/share/multi_robot_sim/package.zsh'
[1.587s] Level 1:colcon.colcon_core.environment:create_file_with_runtime_dependencies(/home/vboxuser/map_ws/install/multi_robot_sim/share/colcon-core/packages/multi_robot_sim)
[1.588s] Level 1:colcon.colcon_core.environment:create_environment_scripts_only(multi_robot_sim)
[1.589s] Level 1:colcon.colcon_core.environment:checking '/home/vboxuser/map_ws/install/multi_robot_sim' for CMake module files
[1.590s] Level 1:colcon.colcon_core.environment:checking '/home/vboxuser/map_ws/install/multi_robot_sim' for CMake config files
[1.590s] Level 1:colcon.colcon_core.shell:create_environment_hook('multi_robot_sim', 'cmake_prefix_path')
[1.591s] INFO:colcon.colcon_core.shell:Creating environment hook '/home/vboxuser/map_ws/install/multi_robot_sim/share/multi_robot_sim/hook/cmake_prefix_path.ps1'
[1.592s] INFO:colcon.colcon_core.shell:Creating environment descriptor '/home/vboxuser/map_ws/install/multi_robot_sim/share/multi_robot_sim/hook/cmake_prefix_path.dsv'
[1.593s] INFO:colcon.colcon_core.shell:Creating environment hook '/home/vboxuser/map_ws/install/multi_robot_sim/share/multi_robot_sim/hook/cmake_prefix_path.sh'
[1.594s] Level 1:colcon.colcon_core.environment:checking '/home/vboxuser/map_ws/install/multi_robot_sim/bin'
[1.595s] Level 1:colcon.colcon_core.environment:checking '/home/vboxuser/map_ws/install/multi_robot_sim/lib/pkgconfig/multi_robot_sim.pc'
[1.596s] Level 1:colcon.colcon_core.environment:checking '/home/vboxuser/map_ws/install/multi_robot_sim/lib/python3.12/site-packages'
[1.597s] Level 1:colcon.colcon_core.environment:checking '/home/vboxuser/map_ws/install/multi_robot_sim/bin'
[1.598s] INFO:colcon.colcon_core.shell:Creating package script '/home/vboxuser/map_ws/install/multi_robot_sim/share/multi_robot_sim/package.ps1'
[1.600s] INFO:colcon.colcon_core.shell:Creating package descriptor '/home/vboxuser/map_ws/install/multi_robot_sim/share/multi_robot_sim/package.dsv'
[1.601s] INFO:colcon.colcon_core.shell:Creating package script '/home/vboxuser/map_ws/install/multi_robot_sim/share/multi_robot_sim/package.sh'
[1.604s] INFO:colcon.colcon_core.shell:Creating package script '/home/vboxuser/map_ws/install/multi_robot_sim/share/multi_robot_sim/package.bash'
[1.606s] INFO:colcon.colcon_core.shell:Creating package script '/home/vboxuser/map_ws/install/multi_robot_sim/share/multi_robot_sim/package.zsh'
[1.607s] Level 1:colcon.colcon_core.environment:create_file_with_runtime_dependencies(/home/vboxuser/map_ws/install/multi_robot_sim/share/colcon-core/packages/multi_robot_sim)
[2.369s] DEBUG:colcon.colcon_core.event_handler.log_command:Invoking command in '/home/vboxuser/map_ws/src/mein_erstes_paket': DEBUGINFOD_URLS=https://debuginfod.ubuntu.com PYTHONPATH=/home/vboxuser/map_ws/build/mein_erstes_paket/prefix_override:/usr/lib/python3/dist-packages/colcon_core/task/python/colcon_distutils_commands:/home/vboxuser/map_ws/install/mein_erstes_paket/lib/python3.12/site-packages:${PYTHONPATH} /usr/bin/python3 -W ignore:setup.py install is deprecated -W ignore:easy_install command is deprecated setup.py egg_info --egg-base ../../build/mein_erstes_paket build --build-base /home/vboxuser/map_ws/build/mein_erstes_paket/build install --record /home/vboxuser/map_ws/build/mein_erstes_paket/install.log --single-version-externally-managed install_data
[2.590s] DEBUG:colcon.colcon_core.event_handler.log_command:Invoking command in '/home/vboxuser/map_ws/src/multi_robot_optimizer': DEBUGINFOD_URLS=https://debuginfod.ubuntu.com PYTHONPATH=/home/vboxuser/map_ws/build/multi_robot_optimizer/prefix_override:/usr/lib/python3/dist-packages/colcon_core/task/python/colcon_distutils_commands:/home/vboxuser/map_ws/install/multi_robot_optimizer/lib/python3.12/site-packages:${PYTHONPATH} /usr/bin/python3 -W ignore:setup.py install is deprecated -W ignore:easy_install command is deprecated setup.py egg_info --egg-base ../../build/multi_robot_optimizer build --build-base /home/vboxuser/map_ws/build/multi_robot_optimizer/build install --record /home/vboxuser/map_ws/build/multi_robot_optimizer/install.log --single-version-externally-managed install_data
[3.582s] Level 1:colcon.colcon_core.environment:checking '/home/vboxuser/map_ws/install/mein_erstes_paket' for CMake module files
[3.583s] Level 1:colcon.colcon_core.environment:checking '/home/vboxuser/map_ws/install/mein_erstes_paket' for CMake config files
[3.584s] Level 1:colcon.colcon_core.environment:checking '/home/vboxuser/map_ws/install/mein_erstes_paket/lib'
[3.585s] Level 1:colcon.colcon_core.environment:checking '/home/vboxuser/map_ws/install/mein_erstes_paket/bin'
[3.585s] Level 1:colcon.colcon_core.environment:checking '/home/vboxuser/map_ws/install/mein_erstes_paket/lib/pkgconfig/mein_erstes_paket.pc'
[3.586s] Level 1:colcon.colcon_core.environment:checking '/home/vboxuser/map_ws/install/mein_erstes_paket/lib/python3.12/site-packages'
[3.586s] Level 1:colcon.colcon_core.shell:create_environment_hook('mein_erstes_paket', 'pythonpath')
[3.591s] INFO:colcon.colcon_core.shell:Creating environment hook '/home/vboxuser/map_ws/install/mein_erstes_paket/share/mein_erstes_paket/hook/pythonpath.ps1'
[3.592s] INFO:colcon.colcon_core.shell:Creating environment descriptor '/home/vboxuser/map_ws/install/mein_erstes_paket/share/mein_erstes_paket/hook/pythonpath.dsv'
[3.601s] INFO:colcon.colcon_core.shell:Creating environment hook '/home/vboxuser/map_ws/install/mein_erstes_paket/share/mein_erstes_paket/hook/pythonpath.sh'
[3.603s] Level 1:colcon.colcon_core.environment:checking '/home/vboxuser/map_ws/install/mein_erstes_paket/bin'
[3.604s] Level 1:colcon.colcon_core.environment:create_environment_scripts_only(mein_erstes_paket)
[3.605s] INFO:colcon.colcon_core.shell:Creating package script '/home/vboxuser/map_ws/install/mein_erstes_paket/share/mein_erstes_paket/package.ps1'
[3.617s] DEBUG:colcon.colcon_core.event_handler.log_command:Invoked command in '/home/vboxuser/map_ws/src/mein_erstes_paket' returned '0': DEBUGINFOD_URLS=https://debuginfod.ubuntu.com PYTHONPATH=/home/vboxuser/map_ws/build/mein_erstes_paket/prefix_override:/usr/lib/python3/dist-packages/colcon_core/task/python/colcon_distutils_commands:/home/vboxuser/map_ws/install/mein_erstes_paket/lib/python3.12/site-packages:${PYTHONPATH} /usr/bin/python3 -W ignore:setup.py install is deprecated -W ignore:easy_install command is deprecated setup.py egg_info --egg-base ../../build/mein_erstes_paket build --build-base /home/vboxuser/map_ws/build/mein_erstes_paket/build install --record /home/vboxuser/map_ws/build/mein_erstes_paket/install.log --single-version-externally-managed install_data
[3.618s] INFO:colcon.colcon_core.shell:Creating package descriptor '/home/vboxuser/map_ws/install/mein_erstes_paket/share/mein_erstes_paket/package.dsv'
[3.622s] INFO:colcon.colcon_core.shell:Creating package script '/home/vboxuser/map_ws/install/mein_erstes_paket/share/mein_erstes_paket/package.sh'
[3.623s] INFO:colcon.colcon_core.shell:Creating package script '/home/vboxuser/map_ws/install/mein_erstes_paket/share/mein_erstes_paket/package.bash'
[3.623s] INFO:colcon.colcon_core.shell:Creating package script '/home/vboxuser/map_ws/install/mein_erstes_paket/share/mein_erstes_paket/package.zsh'
[3.624s] Level 1:colcon.colcon_core.environment:create_file_with_runtime_dependencies(/home/vboxuser/map_ws/install/mein_erstes_paket/share/colcon-core/packages/mein_erstes_paket)
[4.020s] Level 1:colcon.colcon_core.environment:checking '/home/vboxuser/map_ws/install/multi_robot_optimizer' for CMake module files
[4.021s] DEBUG:colcon.colcon_core.event_handler.log_command:Invoked command in '/home/vboxuser/map_ws/src/multi_robot_optimizer' returned '0': DEBUGINFOD_URLS=https://debuginfod.ubuntu.com PYTHONPATH=/home/vboxuser/map_ws/build/multi_robot_optimizer/prefix_override:/usr/lib/python3/dist-packages/colcon_core/task/python/colcon_distutils_commands:/home/vboxuser/map_ws/install/multi_robot_optimizer/lib/python3.12/site-packages:${PYTHONPATH} /usr/bin/python3 -W ignore:setup.py install is deprecated -W ignore:easy_install command is deprecated setup.py egg_info --egg-base ../../build/multi_robot_optimizer build --build-base /home/vboxuser/map_ws/build/multi_robot_optimizer/build install --record /home/vboxuser/map_ws/build/multi_robot_optimizer/install.log --single-version-externally-managed install_data
[4.022s] Level 1:colcon.colcon_core.environment:checking '/home/vboxuser/map_ws/install/multi_robot_optimizer' for CMake config files
[4.025s] Level 1:colcon.colcon_core.environment:checking '/home/vboxuser/map_ws/install/multi_robot_optimizer/lib'
[4.026s] Level 1:colcon.colcon_core.environment:checking '/home/vboxuser/map_ws/install/multi_robot_optimizer/bin'
[4.026s] Level 1:colcon.colcon_core.environment:checking '/home/vboxuser/map_ws/install/multi_robot_optimizer/lib/pkgconfig/multi_robot_optimizer.pc'
[4.029s] Level 1:colcon.colcon_core.environment:checking '/home/vboxuser/map_ws/install/multi_robot_optimizer/lib/python3.12/site-packages'
[4.029s] Level 1:colcon.colcon_core.shell:create_environment_hook('multi_robot_optimizer', 'pythonpath')
[4.030s] INFO:colcon.colcon_core.shell:Creating environment hook '/home/vboxuser/map_ws/install/multi_robot_optimizer/share/multi_robot_optimizer/hook/pythonpath.ps1'
[4.037s] INFO:colcon.colcon_core.shell:Creating environment descriptor '/home/vboxuser/map_ws/install/multi_robot_optimizer/share/multi_robot_optimizer/hook/pythonpath.dsv'
[4.039s] INFO:colcon.colcon_core.shell:Creating environment hook '/home/vboxuser/map_ws/install/multi_robot_optimizer/share/multi_robot_optimizer/hook/pythonpath.sh'
[4.044s] Level 1:colcon.colcon_core.environment:checking '/home/vboxuser/map_ws/install/multi_robot_optimizer/bin'
[4.044s] Level 1:colcon.colcon_core.environment:create_environment_scripts_only(multi_robot_optimizer)
[4.045s] INFO:colcon.colcon_core.shell:Creating package script '/home/vboxuser/map_ws/install/multi_robot_optimizer/share/multi_robot_optimizer/package.ps1'
[4.047s] INFO:colcon.colcon_core.shell:Creating package descriptor '/home/vboxuser/map_ws/install/multi_robot_optimizer/share/multi_robot_optimizer/package.dsv'
[4.049s] INFO:colcon.colcon_core.shell:Creating package script '/home/vboxuser/map_ws/install/multi_robot_optimizer/share/multi_robot_optimizer/package.sh'
[4.050s] INFO:colcon.colcon_core.shell:Creating package script '/home/vboxuser/map_ws/install/multi_robot_optimizer/share/multi_robot_optimizer/package.bash'
[4.051s] INFO:colcon.colcon_core.shell:Creating package script '/home/vboxuser/map_ws/install/multi_robot_optimizer/share/multi_robot_optimizer/package.zsh'
[4.051s] Level 1:colcon.colcon_core.environment:create_file_with_runtime_dependencies(/home/vboxuser/map_ws/install/multi_robot_optimizer/share/colcon-core/packages/multi_robot_optimizer)
[4.052s] DEBUG:colcon.colcon_parallel_executor.executor.parallel:closing loop
[4.052s] DEBUG:colcon.colcon_parallel_executor.executor.parallel:loop closed
[4.052s] DEBUG:colcon.colcon_parallel_executor.executor.parallel:run_until_complete finished with '0'
[4.052s] DEBUG:colcon.colcon_core.event_reactor:joining thread
[4.071s] INFO:colcon.colcon_core.plugin_system:Skipping extension 'colcon_notification.desktop_notification.terminal_notifier': Not used on non-Darwin systems
[4.071s] INFO:colcon.colcon_core.plugin_system:Skipping extension 'colcon_notification.desktop_notification.win32': Not used on non-Windows systems
[4.072s] INFO:colcon.colcon_notification.desktop_notification:Sending desktop notification using 'notify2'
[4.096s] DEBUG:colcon.colcon_core.event_reactor:joined thread
[4.097s] INFO:colcon.colcon_core.shell:Creating prefix script '/home/vboxuser/map_ws/install/local_setup.ps1'
[4.099s] INFO:colcon.colcon_core.shell:Creating prefix util module '/home/vboxuser/map_ws/install/_local_setup_util_ps1.py'
[4.101s] INFO:colcon.colcon_core.shell:Creating prefix chain script '/home/vboxuser/map_ws/install/setup.ps1'
[4.105s] INFO:colcon.colcon_core.shell:Creating prefix script '/home/vboxuser/map_ws/install/local_setup.sh'
[4.109s] INFO:colcon.colcon_core.shell:Creating prefix util module '/home/vboxuser/map_ws/install/_local_setup_util_sh.py'
[4.113s] INFO:colcon.colcon_core.shell:Creating prefix chain script '/home/vboxuser/map_ws/install/setup.sh'
[4.117s] INFO:colcon.colcon_core.shell:Creating prefix script '/home/vboxuser/map_ws/install/local_setup.bash'
[4.118s] INFO:colcon.colcon_core.shell:Creating prefix chain script '/home/vboxuser/map_ws/install/setup.bash'
[4.120s] INFO:colcon.colcon_core.shell:Creating prefix script '/home/vboxuser/map_ws/install/local_setup.zsh'
[4.122s] INFO:colcon.colcon_core.shell:Creating prefix chain script '/home/vboxuser/map_ws/install/setup.zsh'
