[2.171s] Invoking command in '/home/vboxuser/map_ws/src/multi_robot_optimizer': DEBUGINFOD_URLS=https://debuginfod.ubuntu.com PYTHONPATH=/home/vboxuser/map_ws/build/multi_robot_optimizer/prefix_override:/usr/lib/python3/dist-packages/colcon_core/task/python/colcon_distutils_commands:/home/vboxuser/map_ws/install/multi_robot_optimizer/lib/python3.12/site-packages:${PYTHONPATH} /usr/bin/python3 -W ignore:setup.py install is deprecated -W ignore:easy_install command is deprecated setup.py egg_info --egg-base ../../build/multi_robot_optimizer build --build-base /home/vboxuser/map_ws/build/multi_robot_optimizer/build install --record /home/vboxuser/map_ws/build/multi_robot_optimizer/install.log --single-version-externally-managed install_data
[2.754s] running egg_info
[2.790s] writing ../../build/multi_robot_optimizer/multi_robot_optimizer.egg-info/PKG-INFO
[2.797s] writing dependency_links to ../../build/multi_robot_optimizer/multi_robot_optimizer.egg-info/dependency_links.txt
[2.799s] writing entry points to ../../build/multi_robot_optimizer/multi_robot_optimizer.egg-info/entry_points.txt
[2.801s] writing requirements to ../../build/multi_robot_optimizer/multi_robot_optimizer.egg-info/requires.txt
[2.810s] writing top-level names to ../../build/multi_robot_optimizer/multi_robot_optimizer.egg-info/top_level.txt
[2.953s] reading manifest file '../../build/multi_robot_optimizer/multi_robot_optimizer.egg-info/SOURCES.txt'
[2.955s] writing manifest file '../../build/multi_robot_optimizer/multi_robot_optimizer.egg-info/SOURCES.txt'
[2.958s] running build
[2.958s] running build_py
[2.958s] copying multi_robot_optimizer/pso_algorithm.py -> /home/vboxuser/map_ws/build/multi_robot_optimizer/build/lib/multi_robot_optimizer
[2.959s] running install
[2.990s] running install_lib
[3.072s] copying /home/vboxuser/map_ws/build/multi_robot_optimizer/build/lib/multi_robot_optimizer/pso_algorithm.py -> /home/vboxuser/map_ws/install/multi_robot_optimizer/lib/python3.12/site-packages/multi_robot_optimizer
[3.074s] byte-compiling /home/vboxuser/map_ws/install/multi_robot_optimizer/lib/python3.12/site-packages/multi_robot_optimizer/pso_algorithm.py to pso_algorithm.cpython-312.pyc
[3.092s] running install_data
[3.092s] running install_egg_info
[3.147s] removing '/home/vboxuser/map_ws/install/multi_robot_optimizer/lib/python3.12/site-packages/multi_robot_optimizer-0.0.1-py3.12.egg-info' (and everything under it)
[3.147s] Copying ../../build/multi_robot_optimizer/multi_robot_optimizer.egg-info to /home/vboxuser/map_ws/install/multi_robot_optimizer/lib/python3.12/site-packages/multi_robot_optimizer-0.0.1-py3.12.egg-info
[3.151s] running install_scripts
[3.562s] Installing optimizer_node script to /home/vboxuser/map_ws/install/multi_robot_optimizer/lib/multi_robot_optimizer
[3.568s] writing list of installed files to '/home/vboxuser/map_ws/build/multi_robot_optimizer/install.log'
[3.602s] Invoked command in '/home/vboxuser/map_ws/src/multi_robot_optimizer' returned '0': DEBUGINFOD_URLS=https://debuginfod.ubuntu.com PYTHONPATH=/home/vboxuser/map_ws/build/multi_robot_optimizer/prefix_override:/usr/lib/python3/dist-packages/colcon_core/task/python/colcon_distutils_commands:/home/vboxuser/map_ws/install/multi_robot_optimizer/lib/python3.12/site-packages:${PYTHONPATH} /usr/bin/python3 -W ignore:setup.py install is deprecated -W ignore:easy_install command is deprecated setup.py egg_info --egg-base ../../build/multi_robot_optimizer build --build-base /home/vboxuser/map_ws/build/multi_robot_optimizer/build install --record /home/vboxuser/map_ws/build/multi_robot_optimizer/install.log --single-version-externally-managed install_data
