[1.293s] Invoking command in '/home/vboxuser/map_ws/build/multi_robot_sim': CMAKE_PREFIX_PATH=${CMAKE_PREFIX_PATH}:/home/vboxuser/map_ws/install/multi_robot_optimizer:/home/vboxuser/map_ws/install/mein_erstes_paket:/home/vboxuser/ros2_ws/install/my_py_pkg:/opt/ros/jazzy DEBUGINFOD_URLS=https://debuginfod.ubuntu.com /usr/bin/cmake /home/vboxuser/map_ws/src/multi_robot_sim -DCMAKE_INSTALL_PREFIX=/home/vboxuser/map_ws/install/multi_robot_sim
[1.576s] -- The C compiler identification is GNU 13.3.0
[1.847s] -- The CXX compiler identification is GNU 13.3.0
[2.086s] -- Detecting C compiler ABI info
[2.853s] -- Detecting C compiler ABI info - done
[2.853s] -- Check for working C compiler: /usr/bin/cc - skipped
[2.853s] -- Detecting C compile features
[2.859s] -- Detecting C compile features - done
[2.946s] -- Detecting CXX compiler ABI info
[3.572s] -- Detecting CXX compiler ABI info - done
[3.623s] -- Check for working CXX compiler: /usr/bin/c++ - skipped
[3.637s] -- Detecting CXX compile features
[3.637s] -- Detecting CXX compile features - done
[3.666s] -- Found ament_cmake: 2.5.5 (/opt/ros/jazzy/share/ament_cmake/cmake)
[4.285s] -- Found Python3: /usr/bin/python3 (found version "3.12.3") found components: Interpreter 
[5.062s] -- Configuring done (3.7s)
[5.070s] -- Generating done (0.0s)
[5.073s] -- Build files have been written to: /home/vboxuser/map_ws/build/multi_robot_sim
[5.116s] Invoked command in '/home/vboxuser/map_ws/build/multi_robot_sim' returned '0': CMAKE_PREFIX_PATH=${CMAKE_PREFIX_PATH}:/home/vboxuser/map_ws/install/multi_robot_optimizer:/home/vboxuser/map_ws/install/mein_erstes_paket:/home/vboxuser/ros2_ws/install/my_py_pkg:/opt/ros/jazzy DEBUGINFOD_URLS=https://debuginfod.ubuntu.com /usr/bin/cmake /home/vboxuser/map_ws/src/multi_robot_sim -DCMAKE_INSTALL_PREFIX=/home/vboxuser/map_ws/install/multi_robot_sim
[5.116s] Invoking command in '/home/vboxuser/map_ws/build/multi_robot_sim': CMAKE_PREFIX_PATH=${CMAKE_PREFIX_PATH}:/home/vboxuser/map_ws/install/multi_robot_optimizer:/home/vboxuser/map_ws/install/mein_erstes_paket:/home/vboxuser/ros2_ws/install/my_py_pkg:/opt/ros/jazzy DEBUGINFOD_URLS=https://debuginfod.ubuntu.com /usr/bin/cmake --build /home/vboxuser/map_ws/build/multi_robot_sim -- -j4 -l4
[5.278s] Invoked command in '/home/vboxuser/map_ws/build/multi_robot_sim' returned '0': CMAKE_PREFIX_PATH=${CMAKE_PREFIX_PATH}:/home/vboxuser/map_ws/install/multi_robot_optimizer:/home/vboxuser/map_ws/install/mein_erstes_paket:/home/vboxuser/ros2_ws/install/my_py_pkg:/opt/ros/jazzy DEBUGINFOD_URLS=https://debuginfod.ubuntu.com /usr/bin/cmake --build /home/vboxuser/map_ws/build/multi_robot_sim -- -j4 -l4
[5.328s] Invoking command in '/home/vboxuser/map_ws/build/multi_robot_sim': CMAKE_PREFIX_PATH=${CMAKE_PREFIX_PATH}:/home/vboxuser/map_ws/install/multi_robot_optimizer:/home/vboxuser/map_ws/install/mein_erstes_paket:/home/vboxuser/ros2_ws/install/my_py_pkg:/opt/ros/jazzy DEBUGINFOD_URLS=https://debuginfod.ubuntu.com /usr/bin/cmake --install /home/vboxuser/map_ws/build/multi_robot_sim
[5.346s] -- Install configuration: ""
[5.346s] -- Installing: /home/vboxuser/map_ws/install/multi_robot_sim/share/multi_robot_sim/launch
[5.347s] -- Installing: /home/vboxuser/map_ws/install/multi_robot_sim/share/multi_robot_sim/launch/sim.launch.py
[5.349s] -- Installing: /home/vboxuser/map_ws/install/multi_robot_sim/share/multi_robot_sim/worlds
[5.349s] -- Installing: /home/vboxuser/map_ws/install/multi_robot_sim/share/multi_robot_sim/worlds/room.sdf
[5.353s] -- Installing: /home/vboxuser/map_ws/install/multi_robot_sim/share/multi_robot_sim/worlds/empty_room.world
[5.353s] -- Installing: /home/vboxuser/map_ws/install/multi_robot_sim/share/multi_robot_sim/urdf
[5.354s] -- Installing: /home/vboxuser/map_ws/install/multi_robot_sim/share/multi_robot_sim/urdf/mobile_robot.urdf.xacro
[5.355s] -- Installing: /home/vboxuser/map_ws/install/multi_robot_sim/share/multi_robot_sim/rviz
[5.355s] -- Installing: /home/vboxuser/map_ws/install/multi_robot_sim/share/ament_index/resource_index/package_run_dependencies/multi_robot_sim
[5.355s] -- Installing: /home/vboxuser/map_ws/install/multi_robot_sim/share/ament_index/resource_index/parent_prefix_path/multi_robot_sim
[5.355s] -- Installing: /home/vboxuser/map_ws/install/multi_robot_sim/share/multi_robot_sim/environment/ament_prefix_path.sh
[5.355s] -- Installing: /home/vboxuser/map_ws/install/multi_robot_sim/share/multi_robot_sim/environment/ament_prefix_path.dsv
[5.355s] -- Installing: /home/vboxuser/map_ws/install/multi_robot_sim/share/multi_robot_sim/environment/path.sh
[5.355s] -- Installing: /home/vboxuser/map_ws/install/multi_robot_sim/share/multi_robot_sim/environment/path.dsv
[5.355s] -- Installing: /home/vboxuser/map_ws/install/multi_robot_sim/share/multi_robot_sim/local_setup.bash
[5.356s] -- Installing: /home/vboxuser/map_ws/install/multi_robot_sim/share/multi_robot_sim/local_setup.sh
[5.357s] -- Installing: /home/vboxuser/map_ws/install/multi_robot_sim/share/multi_robot_sim/local_setup.zsh
[5.357s] -- Installing: /home/vboxuser/map_ws/install/multi_robot_sim/share/multi_robot_sim/local_setup.dsv
[5.364s] -- Installing: /home/vboxuser/map_ws/install/multi_robot_sim/share/multi_robot_sim/package.dsv
[5.365s] -- Installing: /home/vboxuser/map_ws/install/multi_robot_sim/share/ament_index/resource_index/packages/multi_robot_sim
[5.365s] -- Installing: /home/vboxuser/map_ws/install/multi_robot_sim/share/multi_robot_sim/cmake/multi_robot_simConfig.cmake
[5.365s] -- Installing: /home/vboxuser/map_ws/install/multi_robot_sim/share/multi_robot_sim/cmake/multi_robot_simConfig-version.cmake
[5.365s] -- Installing: /home/vboxuser/map_ws/install/multi_robot_sim/share/multi_robot_sim/package.xml
[5.365s] Invoked command in '/home/vboxuser/map_ws/build/multi_robot_sim' returned '0': CMAKE_PREFIX_PATH=${CMAKE_PREFIX_PATH}:/home/vboxuser/map_ws/install/multi_robot_optimizer:/home/vboxuser/map_ws/install/mein_erstes_paket:/home/vboxuser/ros2_ws/install/my_py_pkg:/opt/ros/jazzy DEBUGINFOD_URLS=https://debuginfod.ubuntu.com /usr/bin/cmake --install /home/vboxuser/map_ws/build/multi_robot_sim
